Component: ARM Compiler 5.06 update 3 (build 300) Tool: armlink [4d35c9]

==============================================================================

Section Cross References

    main.o(i.main) refers to stm32f4_discovery.o(i.STM_EVAL_LEDInit) for STM_EVAL_LEDInit
    main.o(i.main) refers to usart.o(i.USART1_Init) for USART1_Init
    main.o(i.main) refers to timer.o(i.timer2_init) for timer2_init
    main.o(i.main) refers to stm32f4xx_rcc.o(i.RCC_GetClocksFreq) for RCC_GetClocksFreq
    main.o(i.main) refers to stm32f4_discovery.o(i.STM_EVAL_PBInit) for STM_EVAL_PBInit
    main.o(i.main) refers to headphone.o(i.WavePlayBack) for WavePlayBack
    main.o(i.main) refers to main.o(.bss) for .bss
    stm32f4xx_it.o(i.EXTI0_IRQHandler) refers to stm32f4xx_exti.o(i.EXTI_GetITStatus) for EXTI_GetITStatus
    stm32f4xx_it.o(i.EXTI0_IRQHandler) refers to stm32f4xx_exti.o(i.EXTI_ClearITPendingBit) for EXTI_ClearITPendingBit
    stm32f4xx_it.o(i.EXTI0_IRQHandler) refers to stm32f4xx_it.o(.data) for .data
    stm32f4xx_it.o(i.EXTI0_IRQHandler) refers to main.o(.data) for user_mode
    stm32f4xx_it.o(i.EXTI1_IRQHandler) refers to stm32f4xx_exti.o(i.EXTI_GetITStatus) for EXTI_GetITStatus
    stm32f4xx_it.o(i.EXTI1_IRQHandler) refers to stm32f4_discovery.o(i.STM_EVAL_LEDToggle) for STM_EVAL_LEDToggle
    stm32f4xx_it.o(i.EXTI1_IRQHandler) refers to stm32f4xx_exti.o(i.EXTI_ClearITPendingBit) for EXTI_ClearITPendingBit
    stm32f4xx_it.o(i.SysTick_Handler) refers to stm32f4_discovery.o(i.STM_EVAL_LEDToggle) for STM_EVAL_LEDToggle
    stm32f4xx_it.o(i.SysTick_Handler) refers to stm32f4_discovery.o(i.STM_EVAL_LEDOn) for STM_EVAL_LEDOn
    stm32f4xx_it.o(i.SysTick_Handler) refers to stm32f4_discovery.o(i.STM_EVAL_LEDOff) for STM_EVAL_LEDOff
    stm32f4xx_it.o(i.SysTick_Handler) refers to stm32f4xx_it.o(.data) for .data
    stm32f4xx_it.o(i.SysTick_Handler) refers to main.o(.data) for user_mode
    system_stm32f4xx.o(i.SystemCoreClockUpdate) refers to system_stm32f4xx.o(.data) for .data
    headphone.o(i.EVAL_AUDIO_TransferComplete_CallBack) refers to stm32f4_discovery_audio_codec.o(i.Audio_MAL_Play) for Audio_MAL_Play
    headphone.o(i.EVAL_AUDIO_TransferComplete_CallBack) refers to headphone.o(.data) for .data
    headphone.o(i.EVAL_AUDIO_TransferComplete_CallBack) refers to headphone.o(.bss) for .bss
    headphone.o(i.WavePlayBack) refers to microphone.o(i.WaveRecorderBeginSampling) for WaveRecorderBeginSampling
    headphone.o(i.WavePlayBack) refers to stm32f4_discovery_audio_codec.o(i.EVAL_AUDIO_SetAudioInterface) for EVAL_AUDIO_SetAudioInterface
    headphone.o(i.WavePlayBack) refers to stm32f4_discovery_audio_codec.o(i.EVAL_AUDIO_Init) for EVAL_AUDIO_Init
    headphone.o(i.WavePlayBack) refers to stm32f4_discovery_audio_codec.o(i.Audio_MAL_Play) for Audio_MAL_Play
    headphone.o(i.WavePlayBack) refers to headphone.o(.data) for .data
    headphone.o(i.WavePlayBack) refers to headphone.o(.bss) for .bss
    headphone.o(i.WavePlayBack) refers to stm32f4xx_it.o(.data) for LED_Toggle
    headphone.o(i.WavePlayerInit) refers to stm32f4_discovery_audio_codec.o(i.EVAL_AUDIO_SetAudioInterface) for EVAL_AUDIO_SetAudioInterface
    headphone.o(i.WavePlayerInit) refers to stm32f4_discovery_audio_codec.o(i.EVAL_AUDIO_Init) for EVAL_AUDIO_Init
    headphone.o(i.WavePlayerInit) refers to headphone.o(.data) for .data
    headphone.o(i.WaveRecorderCallback) refers to stm32f4_discovery.o(i.STM_EVAL_LEDOff) for STM_EVAL_LEDOff
    headphone.o(i.WaveRecorderCallback) refers to stm32f4_discovery.o(i.STM_EVAL_LEDOn) for STM_EVAL_LEDOn
    headphone.o(i.WaveRecorderCallback) refers to headphone.o(.data) for .data
    headphone.o(i.WaveRecorderCallback) refers to headphone.o(.bss) for .bss
    microphone.o(i.SPI2_IRQHandler) refers to stm32f4xx_spi.o(i.SPI_I2S_GetITStatus) for SPI_I2S_GetITStatus
    microphone.o(i.SPI2_IRQHandler) refers to stm32f4xx_spi.o(i.SPI_I2S_ReceiveData) for SPI_I2S_ReceiveData
    microphone.o(i.SPI2_IRQHandler) refers to pdm_filter.o(.text) for PDM_Filter_64_LSB
    microphone.o(i.SPI2_IRQHandler) refers to headphone.o(i.WaveRecorderCallback) for WaveRecorderCallback
    microphone.o(i.SPI2_IRQHandler) refers to microphone.o(.bss) for .bss
    microphone.o(i.SPI2_IRQHandler) refers to microphone.o(.data) for .data
    microphone.o(i.WaveRecorderBeginSampling) refers to microphone.o(i.WaveRecorderInit) for WaveRecorderInit
    microphone.o(i.WaveRecorderBeginSampling) refers to stm32f4xx_spi.o(i.SPI_I2S_ITConfig) for SPI_I2S_ITConfig
    microphone.o(i.WaveRecorderBeginSampling) refers to stm32f4xx_spi.o(i.I2S_Cmd) for I2S_Cmd
    microphone.o(i.WaveRecorderBeginSampling) refers to microphone.o(.bss) for .bss
    microphone.o(i.WaveRecorderBeginSampling) refers to microphone.o(.data) for .data
    microphone.o(i.WaveRecorderInit) refers to pdm_filter.o(.text) for PDM_Filter_Init
    microphone.o(i.WaveRecorderInit) refers to stm32f4xx_rcc.o(i.RCC_AHB1PeriphClockCmd) for RCC_AHB1PeriphClockCmd
[...]
    Removing stm32f4xx_dac.o(i.DAC_ClearITPendingBit), (16 bytes).
    Removing stm32f4xx_dac.o(i.DAC_DMACmd), (28 bytes).
    Removing stm32f4xx_dac.o(i.DAC_DeInit), (24 bytes).
    Removing stm32f4xx_dac.o(i.DAC_DualSoftwareTriggerCmd), (24 bytes).
    Removing stm32f4xx_dac.o(i.DAC_GetDataOutputValue), (24 bytes).
    Removing stm32f4xx_dac.o(i.DAC_GetFlagStatus), (24 bytes).
    Removing stm32f4xx_dac.o(i.DAC_GetITStatus), (40 bytes).
    Removing stm32f4xx_dac.o(i.DAC_ITConfig), (28 bytes).
    Removing stm32f4xx_dac.o(i.DAC_SetChannel2Data), (22 bytes).
    Removing stm32f4xx_dac.o(i.DAC_SetDualChannelData), (24 bytes).
    Removing stm32f4xx_dac.o(i.DAC_SoftwareTriggerCmd), (32 bytes).
    Removing stm32f4xx_dac.o(i.DAC_StructInit), (12 bytes).
    Removing stm32f4xx_dac.o(i.DAC_WaveGenerationCmd), (28 bytes).
    Removing stm32f4xx_dma.o(.emb_text), (8 bytes).
    Removing stm32f4xx_dma.o(i.DMA_ClearITPendingBit), (44 bytes).
    Removing stm32f4xx_dma.o(i.DMA_DoubleBufferModeCmd), (18 bytes).
    Removing stm32f4xx_dma.o(i.DMA_DoubleBufferModeConfig), (20 bytes).
    Removing stm32f4xx_dma.o(i.DMA_FlowControllerConfig), (18 bytes).
    Removing stm32f4xx_dma.o(i.DMA_GetCurrDataCounter), (6 bytes).
    Removing stm32f4xx_dma.o(i.DMA_GetCurrentMemoryTarget), (16 bytes).
    Removing stm32f4xx_dma.o(i.DMA_GetFIFOStatus), (8 bytes).
    Removing stm32f4xx_dma.o(i.DMA_GetITStatus), (96 bytes).
    Removing stm32f4xx_dma.o(i.DMA_MemoryTargetConfig), (10 bytes).
    Removing stm32f4xx_dma.o(i.DMA_PeriphIncOffsetSizeConfig), (18 bytes).
    Removing stm32f4xx_dma.o(i.DMA_SetCurrDataCounter), (4 bytes).
    Removing stm32f4xx_dma.o(i.DMA_StructInit), (34 bytes).
    Removing stm32f4xx_gpio.o(.emb_text), (8 bytes).
    Removing stm32f4xx_gpio.o(i.GPIO_DeInit), (276 bytes).
    Removing stm32f4xx_gpio.o(i.GPIO_PinLockConfig), (26 bytes).
    Removing stm32f4xx_gpio.o(i.GPIO_ReadInputData), (6 bytes).
    Removing stm32f4xx_gpio.o(i.GPIO_ReadInputDataBit), (14 bytes).
    Removing stm32f4xx_gpio.o(i.GPIO_ReadOutputData), (6 bytes).
    Removing stm32f4xx_gpio.o(i.GPIO_ReadOutputDataBit), (14 bytes).
    Removing stm32f4xx_gpio.o(i.GPIO_ResetBits), (4 bytes).
    Removing stm32f4xx_gpio.o(i.GPIO_SetBits), (4 bytes).
    Removing stm32f4xx_gpio.o(i.GPIO_StructInit), (18 bytes).
    Removing stm32f4xx_gpio.o(i.GPIO_ToggleBits), (8 bytes).
    Removing stm32f4xx_gpio.o(i.GPIO_Write), (4 bytes).
    Removing stm32f4xx_i2c.o(.emb_text), (8 bytes).
    Removing stm32f4xx_i2c.o(i.I2C_ARPCmd), (18 bytes).
    Removing stm32f4xx_i2c.o(i.I2C_CalculatePEC), (18 bytes).
    Removing stm32f4xx_i2c.o(i.I2C_ClearITPendingBit), (6 bytes).
    Removing stm32f4xx_i2c.o(i.I2C_DMACmd), (18 bytes).
    Removing stm32f4xx_i2c.o(i.I2C_DMALastTransferCmd), (18 bytes).
    Removing stm32f4xx_i2c.o(i.I2C_DualAddressCmd), (18 bytes).
    Removing stm32f4xx_i2c.o(i.I2C_FastModeDutyCycleConfig), (20 bytes).
    Removing stm32f4xx_i2c.o(i.I2C_GeneralCallCmd), (18 bytes).
    Removing stm32f4xx_i2c.o(i.I2C_GetITStatus), (34 bytes).
    Removing stm32f4xx_i2c.o(i.I2C_GetLastEvent), (14 bytes).
    Removing stm32f4xx_i2c.o(i.I2C_GetPEC), (6 bytes).
    Removing stm32f4xx_i2c.o(i.I2C_ITConfig), (16 bytes).
    Removing stm32f4xx_i2c.o(i.I2C_NACKPositionConfig), (20 bytes).
    Removing stm32f4xx_i2c.o(i.I2C_OwnAddress2Config), (16 bytes).
    Removing stm32f4xx_i2c.o(i.I2C_PECPositionConfig), (20 bytes).
    Removing stm32f4xx_i2c.o(i.I2C_ReadRegister), (12 bytes).
    Removing stm32f4xx_i2c.o(i.I2C_SMBusAlertConfig), (20 bytes).
    Removing stm32f4xx_i2c.o(i.I2C_SoftwareResetCmd), (18 bytes).
    Removing stm32f4xx_i2c.o(i.I2C_StretchClockCmd), (18 bytes).
    Removing stm32f4xx_i2c.o(i.I2C_StructInit), (28 bytes).
    Removing stm32f4xx_i2c.o(i.I2C_TransmitPEC), (18 bytes).
    Removing stm32f4xx_rcc.o(.emb_text), (8 bytes).
    Removing stm32f4xx_rcc.o(i.RCC_AHB1PeriphClockLPModeCmd), (24 bytes).
    Removing stm32f4xx_rcc.o(i.RCC_AHB1PeriphResetCmd), (24 bytes).
    Removing stm32f4xx_rcc.o(i.RCC_AHB2PeriphClockCmd), (24 bytes).
    Removing stm32f4xx_rcc.o(i.RCC_AHB2PeriphClockLPModeCmd), (24 bytes).
    Removing stm32f4xx_rcc.o(i.RCC_AHB2PeriphResetCmd), (24 bytes).
    Removing stm32f4xx_rcc.o(i.RCC_AHB3PeriphClockCmd), (24 bytes).
    Removing stm32f4xx_rcc.o(i.RCC_AHB3PeriphClockLPModeCmd), (24 bytes).
    Removing stm32f4xx_rcc.o(i.RCC_AHB3PeriphResetCmd), (24 bytes).
    Removing stm32f4xx_rcc.o(i.RCC_APB1PeriphClockLPModeCmd), (24 bytes).
    Removing stm32f4xx_rcc.o(i.RCC_APB2PeriphClockLPModeCmd), (24 bytes).
    Removing stm32f4xx_rcc.o(i.RCC_AdjustHSICalibrationValue), (20 bytes).
    Removing stm32f4xx_rcc.o(i.RCC_BackupResetCmd), (12 bytes).
    Removing stm32f4xx_rcc.o(i.RCC_ClearFlag), (16 bytes).
    Removing stm32f4xx_rcc.o(i.RCC_ClearITPendingBit), (12 bytes).
    Removing stm32f4xx_rcc.o(i.RCC_ClockSecuritySystemCmd), (12 bytes).
    Removing stm32f4xx_rcc.o(i.RCC_DeInit), (64 bytes).
    Removing stm32f4xx_rcc.o(i.RCC_GetFlagStatus), (56 bytes).
    Removing stm32f4xx_rcc.o(i.RCC_GetITStatus), (20 bytes).
    Removing stm32f4xx_rcc.o(i.RCC_GetSYSCLKSource), (16 bytes).
    Removing stm32f4xx_rcc.o(i.RCC_HCLKConfig), (20 bytes).
    Removing stm32f4xx_rcc.o(i.RCC_HSEConfig), (16 bytes).
    Removing stm32f4xx_rcc.o(i.RCC_HSICmd), (12 bytes).
    Removing stm32f4xx_rcc.o(i.RCC_I2SCLKConfig), (12 bytes).
    Removing stm32f4xx_rcc.o(i.RCC_ITConfig), (24 bytes).
    Removing stm32f4xx_rcc.o(i.RCC_LSEConfig), (28 bytes).
    Removing stm32f4xx_rcc.o(i.RCC_LSICmd), (12 bytes).
    Removing stm32f4xx_rcc.o(i.RCC_MCO1Config), (20 bytes).
    Removing stm32f4xx_rcc.o(i.RCC_MCO2Config), (20 bytes).
    Removing stm32f4xx_rcc.o(i.RCC_PCLK1Config), (20 bytes).
    Removing stm32f4xx_rcc.o(i.RCC_PCLK2Config), (20 bytes).
    Removing stm32f4xx_rcc.o(i.RCC_PLLCmd), (12 bytes).
    Removing stm32f4xx_rcc.o(i.RCC_PLLConfig), (40 bytes).
    Removing stm32f4xx_rcc.o(i.RCC_PLLI2SCmd), (12 bytes).
    Removing stm32f4xx_rcc.o(i.RCC_PLLI2SConfig), (16 bytes).
    Removing stm32f4xx_rcc.o(i.RCC_RTCCLKCmd), (12 bytes).
    Removing stm32f4xx_rcc.o(i.RCC_RTCCLKConfig), (52 bytes).
    Removing stm32f4xx_rcc.o(i.RCC_SYSCLKConfig), (20 bytes).
    Removing stm32f4xx_rcc.o(i.RCC_WaitForHSEStartUp), (56 bytes).
    Removing stm32f4xx_spi.o(.emb_text), (8 bytes).
    Removing stm32f4xx_spi.o(i.I2S_FullDuplexConfig), (64 bytes).
    Removing stm32f4xx_spi.o(i.I2S_StructInit), (18 bytes).
    Removing stm32f4xx_spi.o(i.SPI_BiDirectionalLineConfig), (20 bytes).
    Removing stm32f4xx_spi.o(i.SPI_CalculateCRC), (18 bytes).
    Removing stm32f4xx_spi.o(i.SPI_Cmd), (18 bytes).
    Removing stm32f4xx_spi.o(i.SPI_DataSizeConfig), (16 bytes).
    Removing stm32f4xx_spi.o(i.SPI_GetCRC), (10 bytes).
    Removing stm32f4xx_spi.o(i.SPI_GetCRCPolynomial), (4 bytes).
    Removing stm32f4xx_spi.o(i.SPI_I2S_ClearFlag), (6 bytes).
    Removing stm32f4xx_spi.o(i.SPI_I2S_ClearITPendingBit), (16 bytes).
    Removing stm32f4xx_spi.o(i.SPI_Init), (84 bytes).
    Removing stm32f4xx_spi.o(i.SPI_NSSInternalSoftwareConfig), (22 bytes).
    Removing stm32f4xx_spi.o(i.SPI_SSOutputCmd), (18 bytes).
    Removing stm32f4xx_spi.o(i.SPI_StructInit), (24 bytes).
    Removing stm32f4xx_spi.o(i.SPI_TIModeCmd), (18 bytes).
    Removing stm32f4xx_spi.o(i.SPI_TransmitCRC), (10 bytes).
    Removing stm32f4xx_exti.o(.emb_text), (8 bytes).
    Removing stm32f4xx_exti.o(i.EXTI_ClearFlag), (12 bytes).
    Removing stm32f4xx_exti.o(i.EXTI_DeInit), (40 bytes).
    Removing stm32f4xx_exti.o(i.EXTI_GenerateSWInterrupt), (16 bytes).
    Removing stm32f4xx_exti.o(i.EXTI_GetFlagStatus), (20 bytes).
    Removing stm32f4xx_exti.o(i.EXTI_StructInit), (14 bytes).
    Removing stm32f4xx_rng.o(.emb_text), (8 bytes).
    Removing stm32f4xx_rng.o(i.RNG_ClearFlag), (16 bytes).
    Removing stm32f4xx_rng.o(i.RNG_ClearITPendingBit), (16 bytes).
    Removing stm32f4xx_rng.o(i.RNG_Cmd), (24 bytes).
    Removing stm32f4xx_rng.o(i.RNG_DeInit), (22 bytes).
    Removing stm32f4xx_rng.o(i.RNG_GetFlagStatus), (20 bytes).
    Removing stm32f4xx_rng.o(i.RNG_GetITStatus), (20 bytes).
    Removing stm32f4xx_rng.o(i.RNG_GetRandomNumber), (12 bytes).
    Removing stm32f4xx_rng.o(i.RNG_ITConfig), (24 bytes).
    Removing stm32f4xx_flash.o(.emb_text), (8 bytes).
    Removing stm32f4xx_flash.o(i.FLASH_ClearFlag), (12 bytes).
    Removing stm32f4xx_flash.o(i.FLASH_DataCacheCmd), (24 bytes).
    Removing stm32f4xx_flash.o(i.FLASH_DataCacheReset), (16 bytes).
    Removing stm32f4xx_flash.o(i.FLASH_EraseAllSectors), (92 bytes).
    Removing stm32f4xx_flash.o(i.FLASH_EraseSector), (108 bytes).
    Removing stm32f4xx_flash.o(i.FLASH_GetFlagStatus), (20 bytes).
    Removing stm32f4xx_flash.o(i.FLASH_GetStatus), (56 bytes).
    Removing stm32f4xx_flash.o(i.FLASH_ITConfig), (24 bytes).
    Removing stm32f4xx_flash.o(i.FLASH_InstructionCacheCmd), (24 bytes).
    Removing stm32f4xx_flash.o(i.FLASH_InstructionCacheReset), (16 bytes).
    Removing stm32f4xx_flash.o(i.FLASH_Lock), (16 bytes).
    Removing stm32f4xx_flash.o(i.FLASH_OB_BORConfig), (24 bytes).
    Removing stm32f4xx_flash.o(i.FLASH_OB_GetBOR), (16 bytes).
    Removing stm32f4xx_flash.o(i.FLASH_OB_GetRDP), (20 bytes).
    Removing stm32f4xx_flash.o(i.FLASH_OB_GetUser), (16 bytes).
    Removing stm32f4xx_flash.o(i.FLASH_OB_GetWRP), (12 bytes).
    Removing stm32f4xx_flash.o(i.FLASH_OB_Launch), (20 bytes).
    Removing stm32f4xx_flash.o(i.FLASH_OB_Lock), (16 bytes).
    Removing stm32f4xx_flash.o(i.FLASH_OB_RDPConfig), (24 bytes).
    Removing stm32f4xx_flash.o(i.FLASH_OB_Unlock), (40 bytes).
    Removing stm32f4xx_flash.o(i.FLASH_OB_UserConfig), (40 bytes).
    Removing stm32f4xx_flash.o(i.FLASH_OB_WRPConfig), (36 bytes).
    Removing stm32f4xx_flash.o(i.FLASH_PrefetchBufferCmd), (24 bytes).
    Removing stm32f4xx_flash.o(i.FLASH_ProgramByte), (60 bytes).
    Removing stm32f4xx_flash.o(i.FLASH_ProgramDoubleWord), (64 bytes).
    Removing stm32f4xx_flash.o(i.FLASH_ProgramHalfWord), (64 bytes).
    Removing stm32f4xx_flash.o(i.FLASH_ProgramWord), (64 bytes).
    Removing stm32f4xx_flash.o(i.FLASH_SetLatency), (12 bytes).
    Removing stm32f4xx_flash.o(i.FLASH_Unlock), (40 bytes).
    Removing stm32f4xx_flash.o(i.FLASH_WaitForLastOperation), (144 bytes).
    Removing stm32f4xx_usart.o(.emb_text), (8 bytes).
    Removing stm32f4xx_usart.o(i.USART_ClearFlag), (6 bytes).
    Removing stm32f4xx_usart.o(i.USART_ClockInit), (34 bytes).
    Removing stm32f4xx_usart.o(i.USART_ClockStructInit), (12 bytes).
    Removing stm32f4xx_usart.o(i.USART_DMACmd), (16 bytes).
    Removing stm32f4xx_usart.o(i.USART_DeInit), (192 bytes).
    Removing stm32f4xx_usart.o(i.USART_GetFlagStatus), (14 bytes).
    Removing stm32f4xx_usart.o(i.USART_HalfDuplexCmd), (18 bytes).
    Removing stm32f4xx_usart.o(i.USART_IrDACmd), (18 bytes).
    Removing stm32f4xx_usart.o(i.USART_IrDAConfig), (16 bytes).
    Removing stm32f4xx_usart.o(i.USART_LINBreakDetectLengthConfig), (16 bytes).
    Removing stm32f4xx_usart.o(i.USART_LINCmd), (18 bytes).
    Removing stm32f4xx_usart.o(i.USART_OneBitMethodCmd), (18 bytes).
    Removing stm32f4xx_usart.o(i.USART_OverSampling8Cmd), (18 bytes).
    Removing stm32f4xx_usart.o(i.USART_ReceiverWakeUpCmd), (18 bytes).
    Removing stm32f4xx_usart.o(i.USART_SendBreak), (10 bytes).
    Removing stm32f4xx_usart.o(i.USART_SetAddress), (16 bytes).
    Removing stm32f4xx_usart.o(i.USART_SetGuardTime), (16 bytes).
    Removing stm32f4xx_usart.o(i.USART_SetPrescaler), (16 bytes).
    Removing stm32f4xx_usart.o(i.USART_SmartCardCmd), (18 bytes).
    Removing stm32f4xx_usart.o(i.USART_SmartCardNACKCmd), (18 bytes).
    Removing stm32f4xx_usart.o(i.USART_StructInit), (22 bytes).
    Removing stm32f4xx_usart.o(i.USART_WakeUpConfig), (16 bytes).
    Removing stm32f4xx_tim.o(.emb_text), (8 bytes).
    Removing stm32f4xx_tim.o(i.TIM_ARRPreloadConfig), (18 bytes).
    Removing stm32f4xx_tim.o(i.TIM_BDTRConfig), (36 bytes).
    Removing stm32f4xx_tim.o(i.TIM_BDTRStructInit), (18 bytes).
    Removing stm32f4xx_tim.o(i.TIM_CCPreloadControl), (18 bytes).
    Removing stm32f4xx_tim.o(i.TIM_CCxCmd), (26 bytes).
    Removing stm32f4xx_tim.o(i.TIM_CCxNCmd), (26 bytes).
    Removing stm32f4xx_tim.o(i.TIM_ClearFlag), (6 bytes).
    Removing stm32f4xx_tim.o(i.TIM_ClearOC1Ref), (12 bytes).
    Removing stm32f4xx_tim.o(i.TIM_ClearOC2Ref), (20 bytes).
    Removing stm32f4xx_tim.o(i.TIM_ClearOC3Ref), (12 bytes).
    Removing stm32f4xx_tim.o(i.TIM_ClearOC4Ref), (20 bytes).
    Removing stm32f4xx_tim.o(i.TIM_CounterModeConfig), (12 bytes).
    Removing stm32f4xx_tim.o(i.TIM_CtrlPWMOutputs), (22 bytes).
    Removing stm32f4xx_tim.o(i.TIM_DMACmd), (16 bytes).
    Removing stm32f4xx_tim.o(i.TIM_DMAConfig), (8 bytes).
    Removing stm32f4xx_tim.o(i.TIM_DeInit), (436 bytes).
    Removing stm32f4xx_tim.o(i.TIM_ETRClockMode1Config), (40 bytes).
    Removing stm32f4xx_tim.o(i.TIM_ETRClockMode2Config), (40 bytes).
    Removing stm32f4xx_tim.o(i.TIM_ETRConfig), (32 bytes).
    Removing stm32f4xx_tim.o(i.TIM_EncoderInterfaceConfig), (60 bytes).
    Removing stm32f4xx_tim.o(i.TIM_ForcedOC1Config), (12 bytes).
    Removing stm32f4xx_tim.o(i.TIM_ForcedOC2Config), (20 bytes).
    Removing stm32f4xx_tim.o(i.TIM_ForcedOC3Config), (12 bytes).
    Removing stm32f4xx_tim.o(i.TIM_ForcedOC4Config), (20 bytes).
    Removing stm32f4xx_tim.o(i.TIM_GenerateEvent), (4 bytes).
    Removing stm32f4xx_tim.o(i.TIM_GetCapture1), (4 bytes).
    Removing stm32f4xx_tim.o(i.TIM_GetCapture2), (4 bytes).
    Removing stm32f4xx_tim.o(i.TIM_GetCapture3), (4 bytes).
    Removing stm32f4xx_tim.o(i.TIM_GetCapture4), (4 bytes).
    Removing stm32f4xx_tim.o(i.TIM_GetCounter), (4 bytes).
    Removing stm32f4xx_tim.o(i.TIM_GetFlagStatus), (14 bytes).
    Removing stm32f4xx_tim.o(i.TIM_GetPrescaler), (4 bytes).
    Removing stm32f4xx_tim.o(i.TIM_ICInit), (294 bytes).
    Removing stm32f4xx_tim.o(i.TIM_ICStructInit), (16 bytes).
    Removing stm32f4xx_tim.o(i.TIM_ITRxExternalClockConfig), (20 bytes).
    Removing stm32f4xx_tim.o(i.TIM_InternalClockConfig), (10 bytes).
    Removing stm32f4xx_tim.o(i.TIM_OC1FastConfig), (12 bytes).
    Removing stm32f4xx_tim.o(i.TIM_OC1Init), (104 bytes).
    Removing stm32f4xx_tim.o(i.TIM_OC1NPolarityConfig), (12 bytes).
    Removing stm32f4xx_tim.o(i.TIM_OC1PolarityConfig), (12 bytes).
    Removing stm32f4xx_tim.o(i.TIM_OC1PreloadConfig), (12 bytes).
    Removing stm32f4xx_tim.o(i.TIM_OC2FastConfig), (20 bytes).
    Removing stm32f4xx_tim.o(i.TIM_OC2Init), (138 bytes).
    Removing stm32f4xx_tim.o(i.TIM_OC2NPolarityConfig), (20 bytes).
    Removing stm32f4xx_tim.o(i.TIM_OC2PolarityConfig), (20 bytes).
    Removing stm32f4xx_tim.o(i.TIM_OC2PreloadConfig), (20 bytes).
    Removing stm32f4xx_tim.o(i.TIM_OC3FastConfig), (12 bytes).
    Removing stm32f4xx_tim.o(i.TIM_OC3Init), (140 bytes).
    Removing stm32f4xx_tim.o(i.TIM_OC3NPolarityConfig), (20 bytes).
    Removing stm32f4xx_tim.o(i.TIM_OC3PolarityConfig), (20 bytes).
    Removing stm32f4xx_tim.o(i.TIM_OC3PreloadConfig), (12 bytes).
    Removing stm32f4xx_tim.o(i.TIM_OC4FastConfig), (20 bytes).
    Removing stm32f4xx_tim.o(i.TIM_OC4Init), (102 bytes).
    Removing stm32f4xx_tim.o(i.TIM_OC4PolarityConfig), (20 bytes).
    Removing stm32f4xx_tim.o(i.TIM_OC4PreloadConfig), (20 bytes).
    Removing stm32f4xx_tim.o(i.TIM_OCStructInit), (20 bytes).
    Removing stm32f4xx_tim.o(i.TIM_PWMIConfig), (300 bytes).
    Removing stm32f4xx_tim.o(i.TIM_PrescalerConfig), (6 bytes).
    Removing stm32f4xx_tim.o(i.TIM_RemapConfig), (6 bytes).
    Removing stm32f4xx_tim.o(i.TIM_SelectCCDMA), (18 bytes).
    Removing stm32f4xx_tim.o(i.TIM_SelectCOM), (18 bytes).
    Removing stm32f4xx_tim.o(i.TIM_SelectHallSensor), (18 bytes).
    Removing stm32f4xx_tim.o(i.TIM_SelectInputTrigger), (12 bytes).
    Removing stm32f4xx_tim.o(i.TIM_SelectMasterSlaveMode), (16 bytes).
    Removing stm32f4xx_tim.o(i.TIM_SelectOCxM), (92 bytes).
    Removing stm32f4xx_tim.o(i.TIM_SelectOnePulseMode), (16 bytes).
    Removing stm32f4xx_tim.o(i.TIM_SelectOutputTrigger), (16 bytes).
    Removing stm32f4xx_tim.o(i.TIM_SelectSlaveMode), (16 bytes).
    Removing stm32f4xx_tim.o(i.TIM_SetAutoreload), (4 bytes).
    Removing stm32f4xx_tim.o(i.TIM_SetClockDivision), (16 bytes).
    Removing stm32f4xx_tim.o(i.TIM_SetCompare1), (4 bytes).
    Removing stm32f4xx_tim.o(i.TIM_SetCompare2), (4 bytes).
    Removing stm32f4xx_tim.o(i.TIM_SetCompare3), (4 bytes).
    Removing stm32f4xx_tim.o(i.TIM_SetCompare4), (4 bytes).
    Removing stm32f4xx_tim.o(i.TIM_SetCounter), (4 bytes).
    Removing stm32f4xx_tim.o(i.TIM_SetIC1Prescaler), (16 bytes).
    Removing stm32f4xx_tim.o(i.TIM_SetIC2Prescaler), (24 bytes).
    Removing stm32f4xx_tim.o(i.TIM_SetIC3Prescaler), (16 bytes).
    Removing stm32f4xx_tim.o(i.TIM_SetIC4Prescaler), (24 bytes).
    Removing stm32f4xx_tim.o(i.TIM_TIxExternalClockConfig), (120 bytes).
    Removing stm32f4xx_tim.o(i.TIM_TimeBaseStructInit), (18 bytes).
    Removing stm32f4xx_tim.o(i.TIM_UpdateDisableConfig), (18 bytes).
    Removing stm32f4xx_tim.o(i.TIM_UpdateRequestConfig), (18 bytes).
    Removing startup_stm32f4xx.o(HEAP), (512 bytes).
    Removing arm_biquad_cascade_df1_fast_q15.o(.emb_text), (8 bytes).
    Removing arm_biquad_cascade_df1_fast_q15.o(.text), (206 bytes).
    Removing arm_biquad_cascade_df1_init_q15.o(.emb_text), (8 bytes).
    Removing arm_biquad_cascade_df1_init_q15.o(.text), (26 bytes).
    Removing arm_copy_q15.o(.emb_text), (8 bytes).
    Removing arm_copy_q15.o(.text), (126 bytes).

349 unused section(s) (total 86759 bytes) removed from the image.

==============================================================================

Image Symbol Table

    Local Symbols

    Symbol Name                              Value     Ov Type        Size  Object(Section)

    ../clib/../cmprslib/zerorunl2.c          0x00000000   Number         0  __dczerorl2.o ABSOLUTE
    ../clib/microlib/init/entry.s            0x00000000   Number         0  entry10b.o ABSOLUTE
    ../clib/microlib/init/entry.s            0x00000000   Number         0  entry9a.o ABSOLUTE
    ../clib/microlib/init/entry.s            0x00000000   Number         0  entry.o ABSOLUTE
    ../clib/microlib/init/entry.s            0x00000000   Number         0  entry9b.o ABSOLUTE
    ../clib/microlib/init/entry.s            0x00000000   Number         0  entry8b.o ABSOLUTE
    ../clib/microlib/init/entry.s            0x00000000   Number         0  entry10a.o ABSOLUTE
    ../clib/microlib/init/entry.s            0x00000000   Number         0  entry11a.o ABSOLUTE
    ../clib/microlib/init/entry.s            0x00000000   Number         0  entry11b.o ABSOLUTE
    ../clib/microlib/init/entry.s            0x00000000   Number         0  entry8a.o ABSOLUTE
    ../clib/microlib/init/entry.s            0x00000000   Number         0  entry7b.o ABSOLUTE
    ../clib/microlib/init/entry.s            0x00000000   Number         0  entry7a.o ABSOLUTE
    ../clib/microlib/init/entry.s            0x00000000   Number         0  entry2.o ABSOLUTE
    ../clib/microlib/init/entry.s            0x00000000   Number         0  entry5.o ABSOLUTE
    ../clib/microlib/longlong.c              0x00000000   Number         0  llshl.o ABSOLUTE
    ../clib/microlib/longlong.c              0x00000000   Number         0  llushr.o ABSOLUTE
    ../clib/microlib/longlong.c              0x00000000   Number         0  llsshr.o ABSOLUTE
    ../clib/microlib/string/memcpy.c         0x00000000   Number         0  memcpya.o ABSOLUTE
    ../clib/microlib/string/memcpy.c         0x00000000   Number         0  memcpyb.o ABSOLUTE
    ../clib/microlib/string/memset.c         0x00000000   Number         0  memseta.o ABSOLUTE
    ../clib/microlib/stubs.s                 0x00000000   Number         0  useno.o ABSOLUTE
    ../clib/microlib/stubs.s                 0x00000000   Number         0  iusefp.o ABSOLUTE
    ../fplib/microlib/f2d.c                  0x00000000   Number         0  f2d.o ABSOLUTE
    ../fplib/microlib/fpadd.c                0x00000000   Number         0  dadd.o ABSOLUTE
    ../fplib/microlib/fpdiv.c                0x00000000   Number         0  ddiv.o ABSOLUTE
    ../fplib/microlib/fpepilogue.c           0x00000000   Number         0  depilogue.o ABSOLUTE
    ../fplib/microlib/fpfix.c                0x00000000   Number         0  dfixui.o ABSOLUTE
    ../fplib/microlib/fpflt.c                0x00000000   Number         0  dfltui.o ABSOLUTE
    ../fplib/microlib/fpmul.c                0x00000000   Number         0  dmul.o ABSOLUTE
    ../fplib/microlib/fpscalb.c              0x00000000   Number         0  fscalb.o ABSOLUTE
    ..\..\Libraries\CMSIS\ST\STM32F4xx\Source\Templates\arm\startup_stm32f4xx.s 0x00000000   Number         0  startup_stm32f4xx.o ABSOLUTE
    ..\..\Libraries\STM32F4xx_StdPeriph_Driver\src\misc.c 0x00000000   Number         0  misc.o ABSOLUTE
    ..\..\Libraries\STM32F4xx_StdPeriph_Driver\src\stm32f4xx_dac.c 0x00000000   Number         0  stm32f4xx_dac.o ABSOLUTE
    ..\..\Libraries\STM32F4xx_StdPeriph_Driver\src\stm32f4xx_dma.c 0x00000000   Number         0  stm32f4xx_dma.o ABSOLUTE
    ..\..\Libraries\STM32F4xx_StdPeriph_Driver\src\stm32f4xx_exti.c 0x00000000   Number         0  stm32f4xx_exti.o ABSOLUTE
    ..\..\Libraries\STM32F4xx_StdPeriph_Driver\src\stm32f4xx_flash.c 0x00000000   Number         0  stm32f4xx_flash.o ABSOLUTE
    ..\..\Libraries\STM32F4xx_StdPeriph_Driver\src\stm32f4xx_gpio.c 0x00000000   Number         0  stm32f4xx_gpio.o ABSOLUTE
    ..\..\Libraries\STM32F4xx_StdPeriph_Driver\src\stm32f4xx_i2c.c 0x00000000   Number         0  stm32f4xx_i2c.o ABSOLUTE
    ..\..\Libraries\STM32F4xx_StdPeriph_Driver\src\stm32f4xx_rcc.c 0x00000000   Number         0  stm32f4xx_rcc.o ABSOLUTE
    ..\..\Libraries\STM32F4xx_StdPeriph_Driver\src\stm32f4xx_rng.c 0x00000000   Number         0  stm32f4xx_rng.o ABSOLUTE
    ..\..\Libraries\STM32F4xx_StdPeriph_Driver\src\stm32f4xx_spi.c 0x00000000   Number         0  stm32f4xx_spi.o ABSOLUTE
    ..\..\Libraries\STM32F4xx_StdPeriph_Driver\src\stm32f4xx_syscfg.c 0x00000000   Number         0  stm32f4xx_syscfg.o ABSOLUTE
    ..\..\Libraries\STM32F4xx_StdPeriph_Driver\src\stm32f4xx_tim.c 0x00000000   Number         0  stm32f4xx_tim.o ABSOLUTE
    ..\..\Libraries\STM32F4xx_StdPeriph_Driver\src\stm32f4xx_usart.c 0x00000000   Number         0  stm32f4xx_usart.o ABSOLUTE
    ..\..\Utilities\STM32F4-Discovery\stm32f4_discovery.c 0x00000000   Number         0  stm32f4_discovery.o ABSOLUTE
    ..\..\Utilities\STM32F4-Discovery\stm32f4_discovery_audio_codec.c 0x00000000   Number         0  stm32f4_discovery_audio_codec.o ABSOLUTE
    ..\FilteringFunctions\arm_biquad_cascade_df1_fast_q15.c 0x00000000   Number         0  arm_biquad_cascade_df1_fast_q15.o ABSOLUTE
    ..\FilteringFunctions\arm_biquad_cascade_df1_init_q15.c 0x00000000   Number         0  arm_biquad_cascade_df1_init_q15.o ABSOLUTE
    ..\SupportFunctions\arm_copy_q15.c       0x00000000   Number         0  arm_copy_q15.o ABSOLUTE
    ..\\..\\Libraries\\STM32F4xx_StdPeriph_Driver\\src\\misc.c 0x00000000   Number         0  misc.o ABSOLUTE
    ..\\..\\Libraries\\STM32F4xx_StdPeriph_Driver\\src\\stm32f4xx_dac.c 0x00000000   Number         0  stm32f4xx_dac.o ABSOLUTE
    ..\\..\\Libraries\\STM32F4xx_StdPeriph_Driver\\src\\stm32f4xx_dma.c 0x00000000   Number         0  stm32f4xx_dma.o ABSOLUTE
    ..\\..\\Libraries\\STM32F4xx_StdPeriph_Driver\\src\\stm32f4xx_exti.c 0x00000000   Number         0  stm32f4xx_exti.o ABSOLUTE
    ..\\..\\Libraries\\STM32F4xx_StdPeriph_Driver\\src\\stm32f4xx_flash.c 0x00000000   Number         0  stm32f4xx_flash.o ABSOLUTE
    ..\\..\\Libraries\\STM32F4xx_StdPeriph_Driver\\src\\stm32f4xx_gpio.c 0x00000000   Number         0  stm32f4xx_gpio.o ABSOLUTE
    ..\\..\\Libraries\\STM32F4xx_StdPeriph_Driver\\src\\stm32f4xx_i2c.c 0x00000000   Number         0  stm32f4xx_i2c.o ABSOLUTE
    ..\\..\\Libraries\\STM32F4xx_StdPeriph_Driver\\src\\stm32f4xx_rcc.c 0x00000000   Number         0  stm32f4xx_rcc.o ABSOLUTE
    ..\\..\\Libraries\\STM32F4xx_StdPeriph_Driver\\src\\stm32f4xx_rng.c 0x00000000   Number         0  stm32f4xx_rng.o ABSOLUTE
    ..\\..\\Libraries\\STM32F4xx_StdPeriph_Driver\\src\\stm32f4xx_spi.c 0x00000000   Number         0  stm32f4xx_spi.o ABSOLUTE
    ..\\..\\Libraries\\STM32F4xx_StdPeriph_Driver\\src\\stm32f4xx_syscfg.c 0x00000000   Number         0  stm32f4xx_syscfg.o ABSOLUTE
    ..\\..\\Libraries\\STM32F4xx_StdPeriph_Driver\\src\\stm32f4xx_tim.c 0x00000000   Number         0  stm32f4xx_tim.o ABSOLUTE
    ..\\..\\Libraries\\STM32F4xx_StdPeriph_Driver\\src\\stm32f4xx_usart.c 0x00000000   Number         0  stm32f4xx_usart.o ABSOLUTE
    ..\\..\\Utilities\\STM32F4-Discovery\\stm32f4_discovery.c 0x00000000   Number         0  stm32f4_discovery.o ABSOLUTE
    ..\\..\\Utilities\\STM32F4-Discovery\\stm32f4_discovery_audio_codec.c 0x00000000   Number         0  stm32f4_discovery_audio_codec.o ABSOLUTE
    ..\\FilteringFunctions\\arm_biquad_cascade_df1_fast_q15.c 0x00000000   Number         0  arm_biquad_cascade_df1_fast_q15.o ABSOLUTE
    ..\\FilteringFunctions\\arm_biquad_cascade_df1_init_q15.c 0x00000000   Number         0  arm_biquad_cascade_df1_init_q15.o ABSOLUTE
    ..\\SupportFunctions\\arm_copy_q15.c     0x00000000   Number         0  arm_copy_q15.o ABSOLUTE
    ..\\src\\USART.c                         0x00000000   Number         0  usart.o ABSOLUTE
    ..\\src\\dsp.c                           0x00000000   Number         0  dsp.o ABSOLUTE
    ..\\src\\headphone.c                     0x00000000   Number         0  headphone.o ABSOLUTE
    ..\\src\\main.c                          0x00000000   Number         0  main.o ABSOLUTE
    ..\\src\\microphone.c                    0x00000000   Number         0  microphone.o ABSOLUTE
    ..\\src\\stm32f4xx_it.c                  0x00000000   Number         0  stm32f4xx_it.o ABSOLUTE
    ..\\src\\system_stm32f4xx.c              0x00000000   Number         0  system_stm32f4xx.o ABSOLUTE
    ..\\src\\timer.c                         0x00000000   Number         0  timer.o ABSOLUTE
    ..\src\USART.c                           0x00000000   Number         0  usart.o ABSOLUTE
    ..\src\dsp.c                             0x00000000   Number         0  dsp.o ABSOLUTE
    ..\src\headphone.c                       0x00000000   Number         0  headphone.o ABSOLUTE
    ..\src\main.c                            0x00000000   Number         0  main.o ABSOLUTE
    ..\src\microphone.c                      0x00000000   Number         0  microphone.o ABSOLUTE
    ..\src\pdm_filter.c                      0x00000000   Number         0  pdm_filter.o ABSOLUTE
    ..\src\stm32f4xx_it.c                    0x00000000   Number         0  stm32f4xx_it.o ABSOLUTE
    ..\src\system_stm32f4xx.c                0x00000000   Number         0  system_stm32f4xx.o ABSOLUTE
    ..\src\timer.c                           0x00000000   Number         0  timer.o ABSOLUTE
    dc.s                                     0x00000000   Number         0  dc.o ABSOLUTE
    flash.c                                  0x00000000   Number         0  flash.o ABSOLUTE
    handlers.s                               0x00000000   Number         0  handlers.o ABSOLUTE
    init.s                                   0x00000000   Number         0  init.o ABSOLUTE
    RESET                                    0x08000000   Section      392  startup_stm32f4xx.o(RESET)
    .ARM.Collect$$$$00000000                 0x08000188   Section        0  entry.o(.ARM.Collect$$$$00000000)
    .ARM.Collect$$$$00000001                 0x08000188   Section        4  entry2.o(.ARM.Collect$$$$00000001)
    .ARM.Collect$$$$00000004                 0x0800018c   Section        4  entry5.o(.ARM.Collect$$$$00000004)
    .ARM.Collect$$$$00000008                 0x08000190   Section        0  entry7b.o(.ARM.Collect$$$$00000008)
    .ARM.Collect$$$$0000000A                 0x08000190   Section        0  entry8b.o(.ARM.Collect$$$$0000000A)
    .ARM.Collect$$$$0000000B                 0x08000190   Section        8  entry9a.o(.ARM.Collect$$$$0000000B)
    .ARM.Collect$$$$0000000D                 0x08000198   Section        0  entry10a.o(.ARM.Collect$$$$0000000D)
    .ARM.Collect$$$$0000000F                 0x08000198   Section        0  entry11a.o(.ARM.Collect$$$$0000000F)
    .ARM.Collect$$$$00002712                 0x08000198   Section        4  entry2.o(.ARM.Collect$$$$00002712)
    __lit__00000000                          0x08000198   Data           4  entry2.o(.ARM.Collect$$$$00002712)
    .text                                    0x0800019c   Section       36  startup_stm32f4xx.o(.text)
    $v0                                      0x0800019c   Number         0  startup_stm32f4xx.o(.text)
    .text                                    0x080001c0   Section        0  pdm_filter.o(.text)
    .text                                    0x08000dbc   Section        0  memseta.o(.text)
    .text                                    0x08000de0   Section        0  fscalb.o(.text)
    .text                                    0x08000df8   Section        0  dadd.o(.text)
    .text                                    0x08000f46   Section        0  dmul.o(.text)
    .text                                    0x0800102a   Section        0  ddiv.o(.text)
    .text                                    0x08001108   Section        0  dfltui.o(.text)
    .text                                    0x08001122   Section        0  dfixui.o(.text)
    .text                                    0x08001154   Section        0  f2d.o(.text)
    .text                                    0x0800117a   Section        0  llshl.o(.text)
    .text                                    0x08001198   Section        0  llushr.o(.text)
    .text                                    0x080011b8   Section        0  llsshr.o(.text)
    .text                                    0x080011dc   Section        0  iusefp.o(.text)
    .text                                    0x080011dc   Section        0  depilogue.o(.text)
    .text                                    0x08001298   Section       36  init.o(.text)
    .text                                    0x080012bc   Section        0  __dczerorl2.o(.text)
    i.Audio_MAL_IRQHandler                   0x08001314   Section        0  stm32f4_discovery_audio_codec.o(i.Audio_MAL_IRQHandler)
    Audio_MAL_IRQHandler                     0x08001315   Thumb Code   156  stm32f4_discovery_audio_codec.o(i.Audio_MAL_IRQHandler)
    i.Audio_MAL_Play                         0x080013b8   Section        0  stm32f4_discovery_audio_codec.o(i.Audio_MAL_Play)
    i.BusFault_Handler                       0x08001420   Section        0  stm32f4xx_it.o(i.BusFault_Handler)
    i.Codec_WriteRegister                    0x08001424   Section        0  stm32f4_discovery_audio_codec.o(i.Codec_WriteRegister)
    Codec_WriteRegister                      0x08001425   Thumb Code   632  stm32f4_discovery_audio_codec.o(i.Codec_WriteRegister)
    i.DAC_Cmd                                0x080016c4   Section        0  stm32f4xx_dac.o(i.DAC_Cmd)
    i.DAC_Init                               0x080016e0   Section        0  stm32f4xx_dac.o(i.DAC_Init)
    i.DAC_SetChannel1Data                    0x08001714   Section        0  stm32f4xx_dac.o(i.DAC_SetChannel1Data)
    i.DMA1_Stream0_IRQHandler                0x0800172a   Section        0  stm32f4_discovery_audio_codec.o(i.DMA1_Stream0_IRQHandler)
    i.DMA1_Stream7_IRQHandler                0x0800172e   Section        0  stm32f4_discovery_audio_codec.o(i.DMA1_Stream7_IRQHandler)
    i.DMA_ClearFlag                          0x08001734   Section        0  stm32f4xx_dma.o(i.DMA_ClearFlag)
    i.DMA_Cmd                                0x08001760   Section        0  stm32f4xx_dma.o(i.DMA_Cmd)
    i.DMA_DeInit                             0x08001774   Section        0  stm32f4xx_dma.o(i.DMA_DeInit)
    i.DMA_GetCmdStatus                       0x080018f8   Section        0  stm32f4xx_dma.o(i.DMA_GetCmdStatus)
    i.DMA_GetFlagStatus                      0x08001908   Section        0  stm32f4xx_dma.o(i.DMA_GetFlagStatus)
    i.DMA_ITConfig                           0x0800193c   Section        0  stm32f4xx_dma.o(i.DMA_ITConfig)
    i.DMA_Init                               0x0800197c   Section        0  stm32f4xx_dma.o(i.DMA_Init)
    i.DebugMon_Handler                       0x080019f4   Section        0  stm32f4xx_it.o(i.DebugMon_Handler)
    i.EVAL_AUDIO_GetSampleCallBack           0x080019f6   Section        0  headphone.o(i.EVAL_AUDIO_GetSampleCallBack)
    i.EVAL_AUDIO_Init                        0x080019fc   Section        0  stm32f4_discovery_audio_codec.o(i.EVAL_AUDIO_Init)
    i.EVAL_AUDIO_SetAudioInterface           0x08001df0   Section        0  stm32f4_discovery_audio_codec.o(i.EVAL_AUDIO_SetAudioInterface)
    i.EVAL_AUDIO_TransferComplete_CallBack   0x08001e88   Section        0  headphone.o(i.EVAL_AUDIO_TransferComplete_CallBack)
    i.EXTI0_IRQHandler                       0x08001eb8   Section        0  stm32f4xx_it.o(i.EXTI0_IRQHandler)
    i.EXTI1_IRQHandler                       0x08001f04   Section        0  stm32f4xx_it.o(i.EXTI1_IRQHandler)
    i.EXTI_ClearITPendingBit                 0x08001f24   Section        0  stm32f4xx_exti.o(i.EXTI_ClearITPendingBit)
    i.EXTI_GetITStatus                       0x08001f30   Section        0  stm32f4xx_exti.o(i.EXTI_GetITStatus)
    i.EXTI_Init                              0x08001f50   Section        0  stm32f4xx_exti.o(i.EXTI_Init)
    i.GPIO_Init                              0x08001fe0   Section        0  stm32f4xx_gpio.o(i.GPIO_Init)
    i.GPIO_PinAFConfig                       0x08002070   Section        0  stm32f4xx_gpio.o(i.GPIO_PinAFConfig)
    i.GPIO_WriteBit                          0x08002092   Section        0  stm32f4xx_gpio.o(i.GPIO_WriteBit)
    i.HardFault_Handler                      0x0800209c   Section        0  stm32f4xx_it.o(i.HardFault_Handler)
    i.I2C_AcknowledgeConfig                  0x0800209e   Section        0  stm32f4xx_i2c.o(i.I2C_AcknowledgeConfig)
    i.I2C_CheckEvent                         0x080020b0   Section        0  stm32f4xx_i2c.o(i.I2C_CheckEvent)
    i.I2C_ClearFlag                          0x080020ca   Section        0  stm32f4xx_i2c.o(i.I2C_ClearFlag)
    i.I2C_Cmd                                0x080020d0   Section        0  stm32f4xx_i2c.o(i.I2C_Cmd)
    i.I2C_DeInit                             0x080020e2   Section        0  stm32f4xx_i2c.o(i.I2C_DeInit)
    i.I2C_GenerateSTART                      0x08002146   Section        0  stm32f4xx_i2c.o(i.I2C_GenerateSTART)
    i.I2C_GenerateSTOP                       0x08002158   Section        0  stm32f4xx_i2c.o(i.I2C_GenerateSTOP)
    i.I2C_GetFlagStatus                      0x0800216a   Section        0  stm32f4xx_i2c.o(i.I2C_GetFlagStatus)
    i.I2C_Init                               0x08002194   Section        0  stm32f4xx_i2c.o(i.I2C_Init)
    i.I2C_ReceiveData                        0x08002258   Section        0  stm32f4xx_i2c.o(i.I2C_ReceiveData)
    i.I2C_Send7bitAddress                    0x0800225e   Section        0  stm32f4xx_i2c.o(i.I2C_Send7bitAddress)
    i.I2C_SendData                           0x0800226e   Section        0  stm32f4xx_i2c.o(i.I2C_SendData)
    i.I2S_Cmd                                0x08002272   Section        0  stm32f4xx_spi.o(i.I2S_Cmd)
    i.I2S_Init                               0x08002284   Section        0  stm32f4xx_spi.o(i.I2S_Init)
    i.MemManage_Handler                      0x08002378   Section        0  stm32f4xx_it.o(i.MemManage_Handler)
    i.NMI_Handler                            0x0800237a   Section        0  stm32f4xx_it.o(i.NMI_Handler)
    i.NVIC_Init                              0x0800237c   Section        0  misc.o(i.NVIC_Init)
    i.NVIC_PriorityGroupConfig               0x080023ec   Section        0  misc.o(i.NVIC_PriorityGroupConfig)
    i.PendSV_Handler                         0x08002400   Section        0  stm32f4xx_it.o(i.PendSV_Handler)
    i.RCC_AHB1PeriphClockCmd                 0x08002404   Section        0  stm32f4xx_rcc.o(i.RCC_AHB1PeriphClockCmd)
    i.RCC_APB1PeriphClockCmd                 0x0800241c   Section        0  stm32f4xx_rcc.o(i.RCC_APB1PeriphClockCmd)
    i.RCC_APB1PeriphResetCmd                 0x08002434   Section        0  stm32f4xx_rcc.o(i.RCC_APB1PeriphResetCmd)
    i.RCC_APB2PeriphClockCmd                 0x0800244c   Section        0  stm32f4xx_rcc.o(i.RCC_APB2PeriphClockCmd)
    i.RCC_APB2PeriphResetCmd                 0x08002464   Section        0  stm32f4xx_rcc.o(i.RCC_APB2PeriphResetCmd)
    i.RCC_GetClocksFreq                      0x0800247c   Section        0  stm32f4xx_rcc.o(i.RCC_GetClocksFreq)
    i.SPI2_IRQHandler                        0x08002524   Section        0  microphone.o(i.SPI2_IRQHandler)
    i.SPI3_IRQHandler                        0x08002580   Section        0  stm32f4_discovery_audio_codec.o(i.SPI3_IRQHandler)
    i.SPI_I2S_DMACmd                         0x080025c0   Section        0  stm32f4xx_spi.o(i.SPI_I2S_DMACmd)
    i.SPI_I2S_DeInit                         0x080025d0   Section        0  stm32f4xx_spi.o(i.SPI_I2S_DeInit)
    i.SPI_I2S_GetFlagStatus                  0x08002634   Section        0  stm32f4xx_spi.o(i.SPI_I2S_GetFlagStatus)
    i.SPI_I2S_GetITStatus                    0x08002642   Section        0  stm32f4xx_spi.o(i.SPI_I2S_GetITStatus)
    i.SPI_I2S_ITConfig                       0x08002670   Section        0  stm32f4xx_spi.o(i.SPI_I2S_ITConfig)
    i.SPI_I2S_ReceiveData                    0x0800268a   Section        0  stm32f4xx_spi.o(i.SPI_I2S_ReceiveData)
    i.SPI_I2S_SendData                       0x0800268e   Section        0  stm32f4xx_spi.o(i.SPI_I2S_SendData)
    i.STM_EVAL_LEDInit                       0x08002694   Section        0  stm32f4_discovery.o(i.STM_EVAL_LEDInit)
    i.STM_EVAL_LEDOff                        0x080026e0   Section        0  stm32f4_discovery.o(i.STM_EVAL_LEDOff)
    i.STM_EVAL_LEDOn                         0x080026f8   Section        0  stm32f4_discovery.o(i.STM_EVAL_LEDOn)
    i.STM_EVAL_LEDToggle                     0x08002710   Section        0  stm32f4_discovery.o(i.STM_EVAL_LEDToggle)
    i.STM_EVAL_PBInit                        0x0800272c   Section        0  stm32f4_discovery.o(i.STM_EVAL_PBInit)
    i.SVC_Handler                            0x080027d0   Section        0  stm32f4xx_it.o(i.SVC_Handler)
    i.SYSCFG_EXTILineConfig                  0x080027d2   Section        0  stm32f4xx_syscfg.o(i.SYSCFG_EXTILineConfig)
    i.SysTick_Handler                        0x08002800   Section        0  stm32f4xx_it.o(i.SysTick_Handler)
    i.SystemInit                             0x080028e0   Section        0  system_stm32f4xx.o(i.SystemInit)
    i.TIM2_IRQHandler                        0x08002a0c   Section        0  timer.o(i.TIM2_IRQHandler)
    i.TIM_ClearITPendingBit                  0x08002a34   Section        0  stm32f4xx_tim.o(i.TIM_ClearITPendingBit)
    i.TIM_Cmd                                0x08002a3a   Section        0  stm32f4xx_tim.o(i.TIM_Cmd)
    i.TIM_GetITStatus                        0x08002a4c   Section        0  stm32f4xx_tim.o(i.TIM_GetITStatus)
    i.TIM_ITConfig                           0x08002a62   Section        0  stm32f4xx_tim.o(i.TIM_ITConfig)
    i.TIM_TimeBaseInit                       0x08002a74   Section        0  stm32f4xx_tim.o(i.TIM_TimeBaseInit)
    i.USART1_IRQHandler                      0x08002af4   Section        0  usart.o(i.USART1_IRQHandler)
    i.USART1_Init                            0x08002ba4   Section        0  usart.o(i.USART1_Init)
    i.USART_ClearITPendingBit                0x08002c68   Section        0  stm32f4xx_usart.o(i.USART_ClearITPendingBit)
    i.USART_Cmd                              0x08002c76   Section        0  stm32f4xx_usart.o(i.USART_Cmd)
    i.USART_GetITStatus                      0x08002c88   Section        0  stm32f4xx_usart.o(i.USART_GetITStatus)
    i.USART_ITConfig                         0x08002cd4   Section        0  stm32f4xx_usart.o(i.USART_ITConfig)
    i.USART_Init                             0x08002d04   Section        0  stm32f4xx_usart.o(i.USART_Init)
    i.USART_ReceiveData                      0x08002dbc   Section        0  stm32f4xx_usart.o(i.USART_ReceiveData)
    i.USART_SendData                         0x08002dc4   Section        0  stm32f4xx_usart.o(i.USART_SendData)
    i.UsageFault_Handler                     0x08002dcc   Section        0  stm32f4xx_it.o(i.UsageFault_Handler)
    i.WavePlayBack                           0x08002dd0   Section        0  headphone.o(i.WavePlayBack)
    i.WaveRecorderBeginSampling              0x08002ec8   Section        0  microphone.o(i.WaveRecorderBeginSampling)
    i.WaveRecorderCallback                   0x08002f0c   Section        0  headphone.o(i.WaveRecorderCallback)
    i.WaveRecorderInit                       0x08002f8c   Section        0  microphone.o(i.WaveRecorderInit)
    i.__scatterload_copy                     0x080030c4   Section       14  handlers.o(i.__scatterload_copy)
    i.__scatterload_null                     0x080030d2   Section        2  handlers.o(i.__scatterload_null)
    i.__scatterload_zeroinit                 0x080030d4   Section       14  handlers.o(i.__scatterload_zeroinit)
    i.main                                   0x080030e4   Section        0  main.o(i.main)
    i.timer2_init                            0x08003154   Section        0  timer.o(i.timer2_init)
    .constdata                               0x080031d8   Section       36  stm32f4_discovery.o(.constdata)
    .data                                    0x20000000   Section        4  main.o(.data)
    .data                                    0x20000004   Section       12  stm32f4xx_it.o(.data)
    last_button_time                         0x20000008   Data           4  stm32f4xx_it.o(.data)
    .data                                    0x20000010   Section       12  headphone.o(.data)
    volume                                   0x20000010   Data           1  headphone.o(.data)
    next_buff                                0x20000011   Data           1  headphone.o(.data)
    mic_head                                 0x20000012   Data           2  headphone.o(.data)
    mic_tail                                 0x20000014   Data           2  headphone.o(.data)
    clip_timer                               0x20000018   Data           4  headphone.o(.data)
    .data                                    0x2000001c   Section       24  microphone.o(.data)
    AudioRecInited                           0x2000001c   Data           4  microphone.o(.data)
    InternalBufferSize                       0x2000002c   Data           4  microphone.o(.data)
    .data                                    0x20000034   Section       22  usart.o(.data)
    .data                                    0x2000004c   Section        4  timer.o(.data)
    .data                                    0x20000050   Section       20  stm32f4_discovery.o(.data)
    .data                                    0x20000064   Section       64  stm32f4_discovery_audio_codec.o(.data)
    .data                                    0x200000a4   Section       16  stm32f4xx_rcc.o(.data)
    APBAHBPrescTable                         0x200000a4   Data          16  stm32f4xx_rcc.o(.data)
    .data                                    0x200000b4   Section      772  pdm_filter.o(.data)
    .bss                                     0x200003b8   Section       16  main.o(.bss)
    .bss                                     0x200003c8   Section     7168  headphone.o(.bss)
    buff0                                    0x200003c8   Data        2048  headphone.o(.bss)
    buff1                                    0x20000bc8   Data        2048  headphone.o(.bss)
    micbuff                                  0x200013c8   Data        3072  headphone.o(.bss)
    .bss                                     0x20001fc8   Section      212  microphone.o(.bss)
    InternalBuffer                           0x2000201c   Data         128  microphone.o(.bss)
    .bss                                     0x2000209c   Section      266  dsp.o(.bss)
    .bss                                     0x200021a8   Section       60  stm32f4_discovery_audio_codec.o(.bss)
    STACK                                    0x200021e8   Section     1024  startup_stm32f4xx.o(STACK)

    Global Symbols

    Symbol Name                              Value     Ov Type        Size  Object(Section)

    BuildAttributes$$THM_ISAv4$E$P$D$K$B$S$7EM$VFPi3$EXTD16$VFPS$VFMA$PE$A:L22UL41UL21$X:L11$S22US41US21$IEEE1$IW$USESV6$~STKCKD$USESV7$~SHL$OTIME$ROPI$EBA8$MICROLIB$REQ8$PRES8$EABIv2 0x00000000   Number         0  anon$$obj.o ABSOLUTE
    __ARM_use_no_argv                        0x00000000   Number         0  main.o ABSOLUTE
    __use_no_errno                           0x00000000   Number         0  useno.o ABSOLUTE
    __use_no_exception_handling              0x00000000   Number         0  useno.o ABSOLUTE
    __use_no_fp                              0x00000000   Number         0  useno.o ABSOLUTE
    __use_no_heap                            0x00000000   Number         0  useno.o ABSOLUTE
    __use_no_heap_region                     0x00000000   Number         0  useno.o ABSOLUTE
    __use_no_semihosting                     0x00000000   Number         0  useno.o ABSOLUTE
    __use_no_semihosting_swi                 0x00000000   Number         0  useno.o ABSOLUTE
    __use_no_signal_handling                 0x00000000   Number         0  useno.o ABSOLUTE
    __cpp_initialize__aeabi_                  - Undefined Weak Reference
    __cxa_finalize                            - Undefined Weak Reference
    _clock_init                               - Undefined Weak Reference
    _microlib_exit                            - Undefined Weak Reference
    __Vectors_Size                           0x00000188   Number         0  startup_stm32f4xx.o ABSOLUTE
    __Vectors                                0x08000000   Data           4  startup_stm32f4xx.o(RESET)
    __Vectors_End                            0x08000188   Data           0  startup_stm32f4xx.o(RESET)
    __main                                   0x08000189   Thumb Code     0  entry.o(.ARM.Collect$$$$00000000)
    _main_stk                                0x08000189   Thumb Code     0  entry2.o(.ARM.Collect$$$$00000001)
    _main_scatterload                        0x0800018d   Thumb Code     0  entry5.o(.ARM.Collect$$$$00000004)
    __main_after_scatterload                 0x08000191   Thumb Code     0  entry5.o(.ARM.Collect$$$$00000004)
    _main_clock                              0x08000191   Thumb Code     0  entry7b.o(.ARM.Collect$$$$00000008)
    _main_cpp_init                           0x08000191   Thumb Code     0  entry8b.o(.ARM.Collect$$$$0000000A)
    _main_init                               0x08000191   Thumb Code     0  entry9a.o(.ARM.Collect$$$$0000000B)
    __rt_final_cpp                           0x08000199   Thumb Code     0  entry10a.o(.ARM.Collect$$$$0000000D)
    __rt_final_exit                          0x08000199   Thumb Code     0  entry11a.o(.ARM.Collect$$$$0000000F)
    Reset_Handler                            0x0800019d   Thumb Code     8  startup_stm32f4xx.o(.text)
    ADC_IRQHandler                           0x080001b7   Thumb Code     0  startup_stm32f4xx.o(.text)
    CAN1_RX0_IRQHandler                      0x080001b7   Thumb Code     0  startup_stm32f4xx.o(.text)
    CAN1_RX1_IRQHandler                      0x080001b7   Thumb Code     0  startup_stm32f4xx.o(.text)
    CAN1_SCE_IRQHandler                      0x080001b7   Thumb Code     0  startup_stm32f4xx.o(.text)
    CAN1_TX_IRQHandler                       0x080001b7   Thumb Code     0  startup_stm32f4xx.o(.text)
    CAN2_RX0_IRQHandler                      0x080001b7   Thumb Code     0  startup_stm32f4xx.o(.text)
    CAN2_RX1_IRQHandler                      0x080001b7   Thumb Code     0  startup_stm32f4xx.o(.text)
    CAN2_SCE_IRQHandler                      0x080001b7   Thumb Code     0  startup_stm32f4xx.o(.text)
    CAN2_TX_IRQHandler                       0x080001b7   Thumb Code     0  startup_stm32f4xx.o(.text)
    CRYP_IRQHandler                          0x080001b7   Thumb Code     0  startup_stm32f4xx.o(.text)
    DCMI_IRQHandler                          0x080001b7   Thumb Code     0  startup_stm32f4xx.o(.text)
    DMA1_Stream1_IRQHandler                  0x080001b7   Thumb Code     0  startup_stm32f4xx.o(.text)
    DMA1_Stream2_IRQHandler                  0x080001b7   Thumb Code     0  startup_stm32f4xx.o(.text)
    DMA1_Stream3_IRQHandler                  0x080001b7   Thumb Code     0  startup_stm32f4xx.o(.text)
    DMA1_Stream4_IRQHandler                  0x080001b7   Thumb Code     0  startup_stm32f4xx.o(.text)
    DMA1_Stream5_IRQHandler                  0x080001b7   Thumb Code     0  startup_stm32f4xx.o(.text)
    DMA1_Stream6_IRQHandler                  0x080001b7   Thumb Code     0  startup_stm32f4xx.o(.text)
    DMA2_Stream0_IRQHandler                  0x080001b7   Thumb Code     0  startup_stm32f4xx.o(.text)
    DMA2_Stream1_IRQHandler                  0x080001b7   Thumb Code     0  startup_stm32f4xx.o(.text)
    DMA2_Stream2_IRQHandler                  0x080001b7   Thumb Code     0  startup_stm32f4xx.o(.text)
    DMA2_Stream3_IRQHandler                  0x080001b7   Thumb Code     0  startup_stm32f4xx.o(.text)
    DMA2_Stream4_IRQHandler                  0x080001b7   Thumb Code     0  startup_stm32f4xx.o(.text)
    DMA2_Stream5_IRQHandler                  0x080001b7   Thumb Code     0  startup_stm32f4xx.o(.text)
    DMA2_Stream6_IRQHandler                  0x080001b7   Thumb Code     0  startup_stm32f4xx.o(.text)
    DMA2_Stream7_IRQHandler                  0x080001b7   Thumb Code     0  startup_stm32f4xx.o(.text)
    ETH_IRQHandler                           0x080001b7   Thumb Code     0  startup_stm32f4xx.o(.text)
    ETH_WKUP_IRQHandler                      0x080001b7   Thumb Code     0  startup_stm32f4xx.o(.text)
    EXTI15_10_IRQHandler                     0x080001b7   Thumb Code     0  startup_stm32f4xx.o(.text)
    EXTI2_IRQHandler                         0x080001b7   Thumb Code     0  startup_stm32f4xx.o(.text)
    EXTI3_IRQHandler                         0x080001b7   Thumb Code     0  startup_stm32f4xx.o(.text)
    EXTI4_IRQHandler                         0x080001b7   Thumb Code     0  startup_stm32f4xx.o(.text)
    EXTI9_5_IRQHandler                       0x080001b7   Thumb Code     0  startup_stm32f4xx.o(.text)
    FLASH_IRQHandler                         0x080001b7   Thumb Code     0  startup_stm32f4xx.o(.text)
    FPU_IRQHandler                           0x080001b7   Thumb Code     0  startup_stm32f4xx.o(.text)
    FSMC_IRQHandler                          0x080001b7   Thumb Code     0  startup_stm32f4xx.o(.text)
    HASH_RNG_IRQHandler                      0x080001b7   Thumb Code     0  startup_stm32f4xx.o(.text)
    I2C1_ER_IRQHandler                       0x080001b7   Thumb Code     0  startup_stm32f4xx.o(.text)
    I2C1_EV_IRQHandler                       0x080001b7   Thumb Code     0  startup_stm32f4xx.o(.text)
    I2C2_ER_IRQHandler                       0x080001b7   Thumb Code     0  startup_stm32f4xx.o(.text)
    I2C2_EV_IRQHandler                       0x080001b7   Thumb Code     0  startup_stm32f4xx.o(.text)
    I2C3_ER_IRQHandler                       0x080001b7   Thumb Code     0  startup_stm32f4xx.o(.text)
    I2C3_EV_IRQHandler                       0x080001b7   Thumb Code     0  startup_stm32f4xx.o(.text)
    OTG_FS_IRQHandler                        0x080001b7   Thumb Code     0  startup_stm32f4xx.o(.text)
    OTG_FS_WKUP_IRQHandler                   0x080001b7   Thumb Code     0  startup_stm32f4xx.o(.text)
    OTG_HS_EP1_IN_IRQHandler                 0x080001b7   Thumb Code     0  startup_stm32f4xx.o(.text)
    OTG_HS_EP1_OUT_IRQHandler                0x080001b7   Thumb Code     0  startup_stm32f4xx.o(.text)
    OTG_HS_IRQHandler                        0x080001b7   Thumb Code     0  startup_stm32f4xx.o(.text)
    OTG_HS_WKUP_IRQHandler                   0x080001b7   Thumb Code     0  startup_stm32f4xx.o(.text)
    PVD_IRQHandler                           0x080001b7   Thumb Code     0  startup_stm32f4xx.o(.text)
    RCC_IRQHandler                           0x080001b7   Thumb Code     0  startup_stm32f4xx.o(.text)
    RTC_Alarm_IRQHandler                     0x080001b7   Thumb Code     0  startup_stm32f4xx.o(.text)
    RTC_WKUP_IRQHandler                      0x080001b7   Thumb Code     0  startup_stm32f4xx.o(.text)
    SDIO_IRQHandler                          0x080001b7   Thumb Code     0  startup_stm32f4xx.o(.text)
    SPI1_IRQHandler                          0x080001b7   Thumb Code     0  startup_stm32f4xx.o(.text)
    TAMP_STAMP_IRQHandler                    0x080001b7   Thumb Code     0  startup_stm32f4xx.o(.text)
    TIM1_BRK_TIM9_IRQHandler                 0x080001b7   Thumb Code     0  startup_stm32f4xx.o(.text)
    TIM1_CC_IRQHandler                       0x080001b7   Thumb Code     0  startup_stm32f4xx.o(.text)
    TIM1_TRG_COM_TIM11_IRQHandler            0x080001b7   Thumb Code     0  startup_stm32f4xx.o(.text)
    TIM1_UP_TIM10_IRQHandler                 0x080001b7   Thumb Code     0  startup_stm32f4xx.o(.text)
    TIM3_IRQHandler                          0x080001b7   Thumb Code     0  startup_stm32f4xx.o(.text)
    TIM4_IRQHandler                          0x080001b7   Thumb Code     0  startup_stm32f4xx.o(.text)
    TIM5_IRQHandler                          0x080001b7   Thumb Code     0  startup_stm32f4xx.o(.text)
    TIM6_DAC_IRQHandler                      0x080001b7   Thumb Code     0  startup_stm32f4xx.o(.text)
    TIM7_IRQHandler                          0x080001b7   Thumb Code     0  startup_stm32f4xx.o(.text)
    TIM8_BRK_TIM12_IRQHandler                0x080001b7   Thumb Code     0  startup_stm32f4xx.o(.text)
    TIM8_CC_IRQHandler                       0x080001b7   Thumb Code     0  startup_stm32f4xx.o(.text)
    TIM8_TRG_COM_TIM14_IRQHandler            0x080001b7   Thumb Code     0  startup_stm32f4xx.o(.text)
    TIM8_UP_TIM13_IRQHandler                 0x080001b7   Thumb Code     0  startup_stm32f4xx.o(.text)
    UART4_IRQHandler                         0x080001b7   Thumb Code     0  startup_stm32f4xx.o(.text)
    UART5_IRQHandler                         0x080001b7   Thumb Code     0  startup_stm32f4xx.o(.text)
    USART2_IRQHandler                        0x080001b7   Thumb Code     0  startup_stm32f4xx.o(.text)
    USART3_IRQHandler                        0x080001b7   Thumb Code     0  startup_stm32f4xx.o(.text)
    USART6_IRQHandler                        0x080001b7   Thumb Code     0  startup_stm32f4xx.o(.text)
    WWDG_IRQHandler                          0x080001b7   Thumb Code     0  startup_stm32f4xx.o(.text)
    PDM_Filter_Init                          0x080001c1   Thumb Code   222  pdm_filter.o(.text)
    PDM_Filter_64_LSB                        0x0800029f   Thumb Code   660  pdm_filter.o(.text)
    PDM_Filter_80_LSB                        0x08000533   Thumb Code   692  pdm_filter.o(.text)
    PDM_Filter_64_MSB                        0x080007e7   Thumb Code   658  pdm_filter.o(.text)
    PDM_Filter_80_MSB                        0x08000a79   Thumb Code   830  pdm_filter.o(.text)
    __aeabi_memset                           0x08000dbd   Thumb Code    14  memseta.o(.text)
    __aeabi_memset4                          0x08000dbd   Thumb Code     0  memseta.o(.text)
    __aeabi_memset8                          0x08000dbd   Thumb Code     0  memseta.o(.text)
    __aeabi_memclr                           0x08000dcb   Thumb Code     4  memseta.o(.text)
    __aeabi_memclr4                          0x08000dcb   Thumb Code     0  memseta.o(.text)
    __aeabi_memclr8                          0x08000dcb   Thumb Code     0  memseta.o(.text)
    _memset$wrapper                          0x08000dcf   Thumb Code    18  memseta.o(.text)
    __ARM_scalbnf                            0x08000de1   Thumb Code    24  fscalb.o(.text)
    scalbnf                                  0x08000de1   Thumb Code     0  fscalb.o(.text)
    __aeabi_dadd                             0x08000df9   Thumb Code   322  dadd.o(.text)
    __aeabi_dsub                             0x08000f3b   Thumb Code     6  dadd.o(.text)
    __aeabi_drsub                            0x08000f41   Thumb Code     6  dadd.o(.text)
    __aeabi_dmul                             0x08000f47   Thumb Code   228  dmul.o(.text)
    __aeabi_ddiv                             0x0800102b   Thumb Code   222  ddiv.o(.text)
    __aeabi_ui2d                             0x08001109   Thumb Code    26  dfltui.o(.text)
    __aeabi_d2uiz                            0x08001123   Thumb Code    50  dfixui.o(.text)
    __aeabi_f2d                              0x08001155   Thumb Code    38  f2d.o(.text)
    __aeabi_llsl                             0x0800117b   Thumb Code    30  llshl.o(.text)
    _ll_shift_l                              0x0800117b   Thumb Code     0  llshl.o(.text)
    __aeabi_llsr                             0x08001199   Thumb Code    32  llushr.o(.text)
    _ll_ushift_r                             0x08001199   Thumb Code     0  llushr.o(.text)
    __aeabi_lasr                             0x080011b9   Thumb Code    36  llsshr.o(.text)
    _ll_sshift_r                             0x080011b9   Thumb Code     0  llsshr.o(.text)
    __I$use$fp                               0x080011dd   Thumb Code     0  iusefp.o(.text)
    _double_round                            0x080011dd   Thumb Code    30  depilogue.o(.text)
    _double_epilogue                         0x080011fb   Thumb Code   156  depilogue.o(.text)
    __scatterload                            0x08001299   Thumb Code    28  init.o(.text)
    __scatterload_rt2                        0x08001299   Thumb Code     0  init.o(.text)
    __decompress                             0x080012bd   Thumb Code     0  __dczerorl2.o(.text)
    __decompress1                            0x080012bd   Thumb Code    86  __dczerorl2.o(.text)
    Audio_MAL_Play                           0x080013b9   Thumb Code    86  stm32f4_discovery_audio_codec.o(i.Audio_MAL_Play)
    BusFault_Handler                         0x08001421   Thumb Code     2  stm32f4xx_it.o(i.BusFault_Handler)
    DAC_Cmd                                  0x080016c5   Thumb Code    24  stm32f4xx_dac.o(i.DAC_Cmd)
    DAC_Init                                 0x080016e1   Thumb Code    48  stm32f4xx_dac.o(i.DAC_Init)
    DAC_SetChannel1Data                      0x08001715   Thumb Code    22  stm32f4xx_dac.o(i.DAC_SetChannel1Data)
    DMA1_Stream0_IRQHandler                  0x0800172b   Thumb Code     4  stm32f4_discovery_audio_codec.o(i.DMA1_Stream0_IRQHandler)
    DMA1_Stream7_IRQHandler                  0x0800172f   Thumb Code     4  stm32f4_discovery_audio_codec.o(i.DMA1_Stream7_IRQHandler)
    DMA_ClearFlag                            0x08001735   Thumb Code    28  stm32f4xx_dma.o(i.DMA_ClearFlag)
    DMA_Cmd                                  0x08001761   Thumb Code    18  stm32f4xx_dma.o(i.DMA_Cmd)
    DMA_DeInit                               0x08001775   Thumb Code   298  stm32f4xx_dma.o(i.DMA_DeInit)
    DMA_GetCmdStatus                         0x080018f9   Thumb Code    16  stm32f4xx_dma.o(i.DMA_GetCmdStatus)
    DMA_GetFlagStatus                        0x08001909   Thumb Code    36  stm32f4xx_dma.o(i.DMA_GetFlagStatus)
    DMA_ITConfig                             0x0800193d   Thumb Code    64  stm32f4xx_dma.o(i.DMA_ITConfig)
    DMA_Init                                 0x0800197d   Thumb Code   116  stm32f4xx_dma.o(i.DMA_Init)
    DebugMon_Handler                         0x080019f5   Thumb Code     2  stm32f4xx_it.o(i.DebugMon_Handler)
    EVAL_AUDIO_GetSampleCallBack             0x080019f7   Thumb Code     4  headphone.o(i.EVAL_AUDIO_GetSampleCallBack)
    EVAL_AUDIO_Init                          0x080019fd   Thumb Code   970  stm32f4_discovery_audio_codec.o(i.EVAL_AUDIO_Init)
    EVAL_AUDIO_SetAudioInterface             0x08001df1   Thumb Code   110  stm32f4_discovery_audio_codec.o(i.EVAL_AUDIO_SetAudioInterface)
    EVAL_AUDIO_TransferComplete_CallBack     0x08001e89   Thumb Code    34  headphone.o(i.EVAL_AUDIO_TransferComplete_CallBack)
    EXTI0_IRQHandler                         0x08001eb9   Thumb Code    66  stm32f4xx_it.o(i.EXTI0_IRQHandler)
    EXTI1_IRQHandler                         0x08001f05   Thumb Code    30  stm32f4xx_it.o(i.EXTI1_IRQHandler)
    EXTI_ClearITPendingBit                   0x08001f25   Thumb Code     6  stm32f4xx_exti.o(i.EXTI_ClearITPendingBit)
    EXTI_GetITStatus                         0x08001f31   Thumb Code    24  stm32f4xx_exti.o(i.EXTI_GetITStatus)
    EXTI_Init                                0x08001f51   Thumb Code   134  stm32f4xx_exti.o(i.EXTI_Init)
    GPIO_Init                                0x08001fe1   Thumb Code   144  stm32f4xx_gpio.o(i.GPIO_Init)
    GPIO_PinAFConfig                         0x08002071   Thumb Code    34  stm32f4xx_gpio.o(i.GPIO_PinAFConfig)
    GPIO_WriteBit                            0x08002093   Thumb Code    10  stm32f4xx_gpio.o(i.GPIO_WriteBit)
    HardFault_Handler                        0x0800209d   Thumb Code     2  stm32f4xx_it.o(i.HardFault_Handler)
    I2C_AcknowledgeConfig                    0x0800209f   Thumb Code    18  stm32f4xx_i2c.o(i.I2C_AcknowledgeConfig)
    I2C_CheckEvent                           0x080020b1   Thumb Code    26  stm32f4xx_i2c.o(i.I2C_CheckEvent)
    I2C_ClearFlag                            0x080020cb   Thumb Code     6  stm32f4xx_i2c.o(i.I2C_ClearFlag)
    I2C_Cmd                                  0x080020d1   Thumb Code    18  stm32f4xx_i2c.o(i.I2C_Cmd)
    I2C_DeInit                               0x080020e3   Thumb Code   100  stm32f4xx_i2c.o(i.I2C_DeInit)
    I2C_GenerateSTART                        0x08002147   Thumb Code    18  stm32f4xx_i2c.o(i.I2C_GenerateSTART)
    I2C_GenerateSTOP                         0x08002159   Thumb Code    18  stm32f4xx_i2c.o(i.I2C_GenerateSTOP)
    I2C_GetFlagStatus                        0x0800216b   Thumb Code    42  stm32f4xx_i2c.o(i.I2C_GetFlagStatus)
    I2C_Init                                 0x08002195   Thumb Code   188  stm32f4xx_i2c.o(i.I2C_Init)
    I2C_ReceiveData                          0x08002259   Thumb Code     6  stm32f4xx_i2c.o(i.I2C_ReceiveData)
    I2C_Send7bitAddress                      0x0800225f   Thumb Code    16  stm32f4xx_i2c.o(i.I2C_Send7bitAddress)
    I2C_SendData                             0x0800226f   Thumb Code     4  stm32f4xx_i2c.o(i.I2C_SendData)
    I2S_Cmd                                  0x08002273   Thumb Code    18  stm32f4xx_spi.o(i.I2S_Cmd)
    I2S_Init                                 0x08002285   Thumb Code   224  stm32f4xx_spi.o(i.I2S_Init)
    MemManage_Handler                        0x08002379   Thumb Code     2  stm32f4xx_it.o(i.MemManage_Handler)
    NMI_Handler                              0x0800237b   Thumb Code     2  stm32f4xx_it.o(i.NMI_Handler)
    NVIC_Init                                0x0800237d   Thumb Code   106  misc.o(i.NVIC_Init)
    NVIC_PriorityGroupConfig                 0x080023ed   Thumb Code    14  misc.o(i.NVIC_PriorityGroupConfig)
    PendSV_Handler                           0x08002401   Thumb Code     2  stm32f4xx_it.o(i.PendSV_Handler)
    RCC_AHB1PeriphClockCmd                   0x08002405   Thumb Code    18  stm32f4xx_rcc.o(i.RCC_AHB1PeriphClockCmd)
    RCC_APB1PeriphClockCmd                   0x0800241d   Thumb Code    18  stm32f4xx_rcc.o(i.RCC_APB1PeriphClockCmd)
    RCC_APB1PeriphResetCmd                   0x08002435   Thumb Code    18  stm32f4xx_rcc.o(i.RCC_APB1PeriphResetCmd)
    RCC_APB2PeriphClockCmd                   0x0800244d   Thumb Code    18  stm32f4xx_rcc.o(i.RCC_APB2PeriphClockCmd)
    RCC_APB2PeriphResetCmd                   0x08002465   Thumb Code    18  stm32f4xx_rcc.o(i.RCC_APB2PeriphResetCmd)
    RCC_GetClocksFreq                        0x0800247d   Thumb Code   150  stm32f4xx_rcc.o(i.RCC_GetClocksFreq)
    SPI2_IRQHandler                          0x08002525   Thumb Code    76  microphone.o(i.SPI2_IRQHandler)
    SPI3_IRQHandler                          0x08002581   Thumb Code    54  stm32f4_discovery_audio_codec.o(i.SPI3_IRQHandler)
    SPI_I2S_DMACmd                           0x080025c1   Thumb Code    16  stm32f4xx_spi.o(i.SPI_I2S_DMACmd)
    SPI_I2S_DeInit                           0x080025d1   Thumb Code   100  stm32f4xx_spi.o(i.SPI_I2S_DeInit)
    SPI_I2S_GetFlagStatus                    0x08002635   Thumb Code    14  stm32f4xx_spi.o(i.SPI_I2S_GetFlagStatus)
    SPI_I2S_GetITStatus                      0x08002643   Thumb Code    46  stm32f4xx_spi.o(i.SPI_I2S_GetITStatus)
    SPI_I2S_ITConfig                         0x08002671   Thumb Code    26  stm32f4xx_spi.o(i.SPI_I2S_ITConfig)
    SPI_I2S_ReceiveData                      0x0800268b   Thumb Code     4  stm32f4xx_spi.o(i.SPI_I2S_ReceiveData)
    SPI_I2S_SendData                         0x0800268f   Thumb Code     4  stm32f4xx_spi.o(i.SPI_I2S_SendData)
    STM_EVAL_LEDInit                         0x08002695   Thumb Code    64  stm32f4_discovery.o(i.STM_EVAL_LEDInit)
    STM_EVAL_LEDOff                          0x080026e1   Thumb Code    16  stm32f4_discovery.o(i.STM_EVAL_LEDOff)
    STM_EVAL_LEDOn                           0x080026f9   Thumb Code    16  stm32f4_discovery.o(i.STM_EVAL_LEDOn)
    STM_EVAL_LEDToggle                       0x08002711   Thumb Code    20  stm32f4_discovery.o(i.STM_EVAL_LEDToggle)
    STM_EVAL_PBInit                          0x0800272d   Thumb Code   140  stm32f4_discovery.o(i.STM_EVAL_PBInit)
    SVC_Handler                              0x080027d1   Thumb Code     2  stm32f4xx_it.o(i.SVC_Handler)
    SYSCFG_EXTILineConfig                    0x080027d3   Thumb Code    46  stm32f4xx_syscfg.o(i.SYSCFG_EXTILineConfig)
    SysTick_Handler                          0x08002801   Thumb Code   214  stm32f4xx_it.o(i.SysTick_Handler)
    SystemInit                               0x080028e1   Thumb Code   254  system_stm32f4xx.o(i.SystemInit)
    TIM2_IRQHandler                          0x08002a0d   Thumb Code    34  timer.o(i.TIM2_IRQHandler)
    TIM_ClearITPendingBit                    0x08002a35   Thumb Code     6  stm32f4xx_tim.o(i.TIM_ClearITPendingBit)
    TIM_Cmd                                  0x08002a3b   Thumb Code    18  stm32f4xx_tim.o(i.TIM_Cmd)
    TIM_GetITStatus                          0x08002a4d   Thumb Code    22  stm32f4xx_tim.o(i.TIM_GetITStatus)
    TIM_ITConfig                             0x08002a63   Thumb Code    16  stm32f4xx_tim.o(i.TIM_ITConfig)
    TIM_TimeBaseInit                         0x08002a75   Thumb Code   118  stm32f4xx_tim.o(i.TIM_TimeBaseInit)
    USART1_IRQHandler                        0x08002af5   Thumb Code   164  usart.o(i.USART1_IRQHandler)
    USART1_Init                              0x08002ba5   Thumb Code   182  usart.o(i.USART1_Init)
    USART_ClearITPendingBit                  0x08002c69   Thumb Code    14  stm32f4xx_usart.o(i.USART_ClearITPendingBit)
    USART_Cmd                                0x08002c77   Thumb Code    18  stm32f4xx_usart.o(i.USART_Cmd)
    USART_GetITStatus                        0x08002c89   Thumb Code    76  stm32f4xx_usart.o(i.USART_GetITStatus)
    USART_ITConfig                           0x08002cd5   Thumb Code    48  stm32f4xx_usart.o(i.USART_ITConfig)
    USART_Init                               0x08002d05   Thumb Code   180  stm32f4xx_usart.o(i.USART_Init)
    USART_ReceiveData                        0x08002dbd   Thumb Code     8  stm32f4xx_usart.o(i.USART_ReceiveData)
    USART_SendData                           0x08002dc5   Thumb Code     8  stm32f4xx_usart.o(i.USART_SendData)
    UsageFault_Handler                       0x08002dcd   Thumb Code     2  stm32f4xx_it.o(i.UsageFault_Handler)
    WavePlayBack                             0x08002dd1   Thumb Code   230  headphone.o(i.WavePlayBack)
    WaveRecorderBeginSampling                0x08002ec9   Thumb Code    56  microphone.o(i.WaveRecorderBeginSampling)
    WaveRecorderCallback                     0x08002f0d   Thumb Code   118  headphone.o(i.WaveRecorderCallback)
    WaveRecorderInit                         0x08002f8d   Thumb Code   278  microphone.o(i.WaveRecorderInit)
    __scatterload_copy                       0x080030c5   Thumb Code    14  handlers.o(i.__scatterload_copy)
    __scatterload_null                       0x080030d3   Thumb Code     2  handlers.o(i.__scatterload_null)
    __scatterload_zeroinit                   0x080030d5   Thumb Code    14  handlers.o(i.__scatterload_zeroinit)
    main                                     0x080030e5   Thumb Code   102  main.o(i.main)
    timer2_init                              0x08003155   Thumb Code   126  timer.o(i.timer2_init)
    BUTTON_PORT_SOURCE                       0x080031d8   Data           1  stm32f4_discovery.o(.constdata)
    BUTTON_PIN_SOURCE                        0x080031d9   Data           1  stm32f4_discovery.o(.constdata)
    BUTTON_IRQn                              0x080031da   Data           1  stm32f4_discovery.o(.constdata)
    BUTTON_PIN                               0x080031dc   Data           2  stm32f4_discovery.o(.constdata)
    BUTTON_EXTI_LINE                         0x080031de   Data           2  stm32f4_discovery.o(.constdata)
    BUTTON_CLK                               0x080031e0   Data           4  stm32f4_discovery.o(.constdata)
    GPIO_PIN                                 0x080031e4   Data           8  stm32f4_discovery.o(.constdata)
    GPIO_CLK                                 0x080031ec   Data          16  stm32f4_discovery.o(.constdata)
    Region$$Table$$Base                      0x080031fc   Number         0  anon$$obj.o(Region$$Table)
    Region$$Table$$Limit                     0x0800321c   Number         0  anon$$obj.o(Region$$Table)
    user_mode                                0x20000000   Data           4  main.o(.data)
    LED_Toggle                               0x20000004   Data           1  stm32f4xx_it.o(.data)
    msec_counter                             0x2000000c   Data           4  stm32f4xx_it.o(.data)
    AudioRecBitRes                           0x20000020   Data           4  microphone.o(.data)
    AudioRecChnlNbr                          0x20000024   Data           4  microphone.o(.data)
    AudioRecCurrSize                         0x20000028   Data           4  microphone.o(.data)
    pAudioRecBuf                             0x20000030   Data           4  microphone.o(.data)
    TxReady                                  0x20000034   Data           1  usart.o(.data)
    RX_BUFFER_HEAD                           0x20000038   Data           4  usart.o(.data)
    RX_BUFFER_TAIL                           0x2000003c   Data           4  usart.o(.data)
    offset                                   0x20000040   Data           5  usart.o(.data)
    gain                                     0x20000045   Data           5  usart.o(.data)
    timer2_Ticks_Millisec                    0x2000004c   Data           4  timer.o(.data)
    BUTTON_PORT                              0x20000050   Data           4  stm32f4_discovery.o(.data)
    GPIO_PORT                                0x20000054   Data          16  stm32f4_discovery.o(.data)
    OutputDev                                0x20000064   Data           1  stm32f4_discovery_audio_codec.o(.data)
    AudioTotalSize                           0x20000068   Data           4  stm32f4_discovery_audio_codec.o(.data)
    AudioRemSize                             0x2000006c   Data           4  stm32f4_discovery_audio_codec.o(.data)
    CODECTimeout                             0x20000070   Data           4  stm32f4_discovery_audio_codec.o(.data)
    CurrAudioInterface                       0x20000074   Data           4  stm32f4_discovery_audio_codec.o(.data)
    AUDIO_MAL_DMA_CLOCK                      0x20000078   Data           4  stm32f4_discovery_audio_codec.o(.data)
    AUDIO_MAL_DMA_STREAM                     0x2000007c   Data           4  stm32f4_discovery_audio_codec.o(.data)
    AUDIO_MAL_DMA_DREG                       0x20000080   Data           4  stm32f4_discovery_audio_codec.o(.data)
    AUDIO_MAL_DMA_CHANNEL                    0x20000084   Data           4  stm32f4_discovery_audio_codec.o(.data)
    AUDIO_MAL_DMA_IRQ                        0x20000088   Data           4  stm32f4_discovery_audio_codec.o(.data)
    AUDIO_MAL_DMA_FLAG_TC                    0x2000008c   Data           4  stm32f4_discovery_audio_codec.o(.data)
    AUDIO_MAL_DMA_FLAG_HT                    0x20000090   Data           4  stm32f4_discovery_audio_codec.o(.data)
    AUDIO_MAL_DMA_FLAG_FE                    0x20000094   Data           4  stm32f4_discovery_audio_codec.o(.data)
    AUDIO_MAL_DMA_FLAG_TE                    0x20000098   Data           4  stm32f4_discovery_audio_codec.o(.data)
    AUDIO_MAL_DMA_FLAG_DME                   0x2000009c   Data           4  stm32f4_discovery_audio_codec.o(.data)
    CurrentPos                               0x200000a0   Data           4  stm32f4_discovery_audio_codec.o(.data)
    stm32_crc                                0x200000b4   Data           4  pdm_filter.o(.data)
    T0                                       0x200000b8   Data         256  pdm_filter.o(.data)
    T1                                       0x200001b8   Data         256  pdm_filter.o(.data)
    T2                                       0x200002b8   Data         256  pdm_filter.o(.data)
    RCC_Clocks                               0x200003b8   Data          16  main.o(.bss)
    Filter                                   0x20001fc8   Data          52  microphone.o(.bss)
    RecBuf                                   0x20001ffc   Data          32  microphone.o(.bss)
    coeffs                                   0x2000209c   Data         266  dsp.o(.bss)
    DMA_InitStructure                        0x200021a8   Data          60  stm32f4_discovery_audio_codec.o(.bss)
    __initial_sp                             0x200025e8   Data           0  startup_stm32f4xx.o(STACK)



==============================================================================

Memory Map of the image

  Image Entry point : 0x08000189

  Load Region LR_IROM1 (Base: 0x08000000, Size: 0x000035d4, Max: 0x00100000, ABSOLUTE, COMPRESSED[0x00003468])

    Execution Region ER_IROM1 (Base: 0x08000000, Size: 0x0000321c, Max: 0x00100000, ABSOLUTE)

    Base Addr    Size         Type   Attr      Idx    E Section Name        Object

    0x08000000   0x00000188   Data   RO          455    RESET               startup_stm32f4xx.o
    0x08000188   0x00000000   Code   RO          465  * .ARM.Collect$$$$00000000  mc_w.l(entry.o)
    0x08000188   0x00000004   Code   RO          478    .ARM.Collect$$$$00000001  mc_w.l(entry2.o)
    0x0800018c   0x00000004   Code   RO          481    .ARM.Collect$$$$00000004  mc_w.l(entry5.o)
    0x08000190   0x00000000   Code   RO          483    .ARM.Collect$$$$00000008  mc_w.l(entry7b.o)
    0x08000190   0x00000000   Code   RO          485    .ARM.Collect$$$$0000000A  mc_w.l(entry8b.o)
    0x08000190   0x00000008   Code   RO          486    .ARM.Collect$$$$0000000B  mc_w.l(entry9a.o)
    0x08000198   0x00000000   Code   RO          488    .ARM.Collect$$$$0000000D  mc_w.l(entry10a.o)
    0x08000198   0x00000000   Code   RO          490    .ARM.Collect$$$$0000000F  mc_w.l(entry11a.o)
    0x08000198   0x00000004   Code   RO          479    .ARM.Collect$$$$00002712  mc_w.l(entry2.o)
    0x0800019c   0x00000024   Code   RO          456    .text               startup_stm32f4xx.o
    0x080001c0   0x00000bfc   Code   RO          457    .text               libPDMFilter_Keil.lib(pdm_filter.o)
    0x08000dbc   0x00000024   Code   RO          469    .text               mc_w.l(memseta.o)
    0x08000de0   0x00000018   Code   RO          471    .text               mf_w.l(fscalb.o)
    0x08000df8   0x0000014e   Code   RO          472    .text               mf_w.l(dadd.o)
    0x08000f46   0x000000e4   Code   RO          473    .text               mf_w.l(dmul.o)
    0x0800102a   0x000000de   Code   RO          474    .text               mf_w.l(ddiv.o)
    0x08001108   0x0000001a   Code   RO          475    .text               mf_w.l(dfltui.o)
    0x08001122   0x00000032   Code   RO          476    .text               mf_w.l(dfixui.o)
    0x08001154   0x00000026   Code   RO          477    .text               mf_w.l(f2d.o)
    0x0800117a   0x0000001e   Code   RO          492    .text               mc_w.l(llshl.o)
    0x08001198   0x00000020   Code   RO          493    .text               mc_w.l(llushr.o)
    0x080011b8   0x00000024   Code   RO          494    .text               mc_w.l(llsshr.o)
    0x080011dc   0x00000000   Code   RO          495    .text               mc_w.l(iusefp.o)
    0x080011dc   0x000000ba   Code   RO          496    .text               mf_w.l(depilogue.o)
    0x08001296   0x00000002   PAD
    0x08001298   0x00000024   Code   RO          497    .text               mc_w.l(init.o)
    0x080012bc   0x00000056   Code   RO          503    .text               mc_w.l(__dczerorl2.o)
    0x08001312   0x00000002   PAD
    0x08001314   0x000000a4   Code   RO           91    i.Audio_MAL_IRQHandler  stm32f4_discovery_audio_codec.o
    0x080013b8   0x00000068   Code   RO           92    i.Audio_MAL_Play    stm32f4_discovery_audio_codec.o
    0x08001420   0x00000002   Code   RO           13    i.BusFault_Handler  stm32f4xx_it.o
    0x08001422   0x00000002   PAD
    0x08001424   0x000002a0   Code   RO           94    i.Codec_WriteRegister  stm32f4_discovery_audio_codec.o
    0x080016c4   0x0000001c   Code   RO          129    i.DAC_Cmd           stm32f4xx_dac.o
    0x080016e0   0x00000034   Code   RO          137    i.DAC_Init          stm32f4xx_dac.o
    0x08001714   0x00000016   Code   RO          138    i.DAC_SetChannel1Data  stm32f4xx_dac.o
    0x0800172a   0x00000004   Code   RO           96    i.DMA1_Stream0_IRQHandler  stm32f4_discovery_audio_codec.o
    0x0800172e   0x00000004   Code   RO           97    i.DMA1_Stream7_IRQHandler  stm32f4_discovery_audio_codec.o
    0x08001732   0x00000002   PAD
    0x08001734   0x0000002c   Code   RO          145    i.DMA_ClearFlag     stm32f4xx_dma.o
    0x08001760   0x00000012   Code   RO          147    i.DMA_Cmd           stm32f4xx_dma.o
    0x08001772   0x00000002   PAD
    0x08001774   0x00000184   Code   RO          148    i.DMA_DeInit        stm32f4xx_dma.o
    0x080018f8   0x00000010   Code   RO          152    i.DMA_GetCmdStatus  stm32f4xx_dma.o
    0x08001908   0x00000034   Code   RO          156    i.DMA_GetFlagStatus  stm32f4xx_dma.o
    0x0800193c   0x00000040   Code   RO          158    i.DMA_ITConfig      stm32f4xx_dma.o
    0x0800197c   0x00000078   Code   RO          159    i.DMA_Init          stm32f4xx_dma.o
    0x080019f4   0x00000002   Code   RO           14    i.DebugMon_Handler  stm32f4xx_it.o
    0x080019f6   0x00000004   Code   RO           31    i.EVAL_AUDIO_GetSampleCallBack  headphone.o
    0x080019fa   0x00000002   PAD
    0x080019fc   0x000003f4   Code   RO           99    i.EVAL_AUDIO_Init   stm32f4_discovery_audio_codec.o
    0x08001df0   0x00000098   Code   RO          103    i.EVAL_AUDIO_SetAudioInterface  stm32f4_discovery_audio_codec.o
    0x08001e88   0x00000030   Code   RO           33    i.EVAL_AUDIO_TransferComplete_CallBack  headphone.o
    0x08001eb8   0x0000004c   Code   RO           15    i.EXTI0_IRQHandler  stm32f4xx_it.o
    0x08001f04   0x0000001e   Code   RO           16    i.EXTI1_IRQHandler  stm32f4xx_it.o
    0x08001f22   0x00000002   PAD
    0x08001f24   0x0000000c   Code   RO          287    i.EXTI_ClearITPendingBit  stm32f4xx_exti.o
    0x08001f30   0x00000020   Code   RO          291    i.EXTI_GetITStatus  stm32f4xx_exti.o
    0x08001f50   0x00000090   Code   RO          292    i.EXTI_Init         stm32f4xx_exti.o
    0x08001fe0   0x00000090   Code   RO          166    i.GPIO_Init         stm32f4xx_gpio.o
    0x08002070   0x00000022   Code   RO          167    i.GPIO_PinAFConfig  stm32f4xx_gpio.o
    0x08002092   0x0000000a   Code   RO          178    i.GPIO_WriteBit     stm32f4xx_gpio.o
    0x0800209c   0x00000002   Code   RO           17    i.HardFault_Handler  stm32f4xx_it.o
    0x0800209e   0x00000012   Code   RO          181    i.I2C_AcknowledgeConfig  stm32f4xx_i2c.o
    0x080020b0   0x0000001a   Code   RO          183    i.I2C_CheckEvent    stm32f4xx_i2c.o
    0x080020ca   0x00000006   Code   RO          184    i.I2C_ClearFlag     stm32f4xx_i2c.o
    0x080020d0   0x00000012   Code   RO          186    i.I2C_Cmd           stm32f4xx_i2c.o
    0x080020e2   0x00000064   Code   RO          189    i.I2C_DeInit        stm32f4xx_i2c.o
    0x08002146   0x00000012   Code   RO          193    i.I2C_GenerateSTART  stm32f4xx_i2c.o
    0x08002158   0x00000012   Code   RO          194    i.I2C_GenerateSTOP  stm32f4xx_i2c.o
    0x0800216a   0x0000002a   Code   RO          195    i.I2C_GetFlagStatus  stm32f4xx_i2c.o
    0x08002194   0x000000c4   Code   RO          200    i.I2C_Init          stm32f4xx_i2c.o
    0x08002258   0x00000006   Code   RO          205    i.I2C_ReceiveData   stm32f4xx_i2c.o
    0x0800225e   0x00000010   Code   RO          207    i.I2C_Send7bitAddress  stm32f4xx_i2c.o
    0x0800226e   0x00000004   Code   RO          208    i.I2C_SendData      stm32f4xx_i2c.o
    0x08002272   0x00000012   Code   RO          260    i.I2S_Cmd           stm32f4xx_spi.o
    0x08002284   0x000000f4   Code   RO          262    i.I2S_Init          stm32f4xx_spi.o
    0x08002378   0x00000002   Code   RO           18    i.MemManage_Handler  stm32f4xx_it.o
    0x0800237a   0x00000002   Code   RO           19    i.NMI_Handler       stm32f4xx_it.o
    0x0800237c   0x00000070   Code   RO          114    i.NVIC_Init         misc.o
    0x080023ec   0x00000014   Code   RO          115    i.NVIC_PriorityGroupConfig  misc.o
    0x08002400   0x00000002   Code   RO           20    i.PendSV_Handler    stm32f4xx_it.o
    0x08002402   0x00000002   PAD
    0x08002404   0x00000018   Code   RO          214    i.RCC_AHB1PeriphClockCmd  stm32f4xx_rcc.o
    0x0800241c   0x00000018   Code   RO          223    i.RCC_APB1PeriphClockCmd  stm32f4xx_rcc.o
    0x08002434   0x00000018   Code   RO          225    i.RCC_APB1PeriphResetCmd  stm32f4xx_rcc.o
    0x0800244c   0x00000018   Code   RO          226    i.RCC_APB2PeriphClockCmd  stm32f4xx_rcc.o
    0x08002464   0x00000018   Code   RO          228    i.RCC_APB2PeriphResetCmd  stm32f4xx_rcc.o
    0x0800247c   0x000000a8   Code   RO          235    i.RCC_GetClocksFreq  stm32f4xx_rcc.o
    0x08002524   0x0000005c   Code   RO           43    i.SPI2_IRQHandler   microphone.o
    0x08002580   0x00000040   Code   RO          106    i.SPI3_IRQHandler   stm32f4_discovery_audio_codec.o
    0x080025c0   0x00000010   Code   RO          272    i.SPI_I2S_DMACmd    stm32f4xx_spi.o
    0x080025d0   0x00000064   Code   RO          273    i.SPI_I2S_DeInit    stm32f4xx_spi.o
    0x08002634   0x0000000e   Code   RO          274    i.SPI_I2S_GetFlagStatus  stm32f4xx_spi.o
    0x08002642   0x0000002e   Code   RO          275    i.SPI_I2S_GetITStatus  stm32f4xx_spi.o
    0x08002670   0x0000001a   Code   RO          276    i.SPI_I2S_ITConfig  stm32f4xx_spi.o
    0x0800268a   0x00000004   Code   RO          277    i.SPI_I2S_ReceiveData  stm32f4xx_spi.o
    0x0800268e   0x00000004   Code   RO          278    i.SPI_I2S_SendData  stm32f4xx_spi.o
    0x08002692   0x00000002   PAD
    0x08002694   0x0000004c   Code   RO           81    i.STM_EVAL_LEDInit  stm32f4_discovery.o
    0x080026e0   0x00000018   Code   RO           82    i.STM_EVAL_LEDOff   stm32f4_discovery.o
    0x080026f8   0x00000018   Code   RO           83    i.STM_EVAL_LEDOn    stm32f4_discovery.o
    0x08002710   0x0000001c   Code   RO           84    i.STM_EVAL_LEDToggle  stm32f4_discovery.o
    0x0800272c   0x000000a4   Code   RO           86    i.STM_EVAL_PBInit   stm32f4_discovery.o
    0x080027d0   0x00000002   Code   RO           21    i.SVC_Handler       stm32f4xx_it.o
    0x080027d2   0x0000002e   Code   RO          123    i.SYSCFG_EXTILineConfig  stm32f4xx_syscfg.o
    0x08002800   0x000000e0   Code   RO           22    i.SysTick_Handler   stm32f4xx_it.o
    0x080028e0   0x0000012c   Code   RO           27    i.SystemInit        system_stm32f4xx.o
    0x08002a0c   0x00000028   Code   RO           75    i.TIM2_IRQHandler   timer.o
    0x08002a34   0x00000006   Code   RO          372    i.TIM_ClearITPendingBit  stm32f4xx_tim.o
    0x08002a3a   0x00000012   Code   RO          377    i.TIM_Cmd           stm32f4xx_tim.o
    0x08002a4c   0x00000016   Code   RO          398    i.TIM_GetITStatus   stm32f4xx_tim.o
    0x08002a62   0x00000010   Code   RO          402    i.TIM_ITConfig      stm32f4xx_tim.o
    0x08002a72   0x00000002   PAD
    0x08002a74   0x00000080   Code   RO          449    i.TIM_TimeBaseInit  stm32f4xx_tim.o
    0x08002af4   0x000000b0   Code   RO           66    i.USART1_IRQHandler  usart.o
    0x08002ba4   0x000000c4   Code   RO           67    i.USART1_Init       usart.o
    0x08002c68   0x0000000e   Code   RO          336    i.USART_ClearITPendingBit  stm32f4xx_usart.o
    0x08002c76   0x00000012   Code   RO          339    i.USART_Cmd         stm32f4xx_usart.o
    0x08002c88   0x0000004c   Code   RO          343    i.USART_GetITStatus  stm32f4xx_usart.o
    0x08002cd4   0x00000030   Code   RO          345    i.USART_ITConfig    stm32f4xx_usart.o
    0x08002d04   0x000000b8   Code   RO          346    i.USART_Init        stm32f4xx_usart.o
    0x08002dbc   0x00000008   Code   RO          353    i.USART_ReceiveData  stm32f4xx_usart.o
    0x08002dc4   0x00000008   Code   RO          356    i.USART_SendData    stm32f4xx_usart.o
    0x08002dcc   0x00000002   Code   RO           23    i.UsageFault_Handler  stm32f4xx_it.o
    0x08002dce   0x00000002   PAD
    0x08002dd0   0x000000f8   Code   RO           34    i.WavePlayBack      headphone.o
    0x08002ec8   0x00000044   Code   RO           44    i.WaveRecorderBeginSampling  microphone.o
    0x08002f0c   0x00000080   Code   RO           36    i.WaveRecorderCallback  headphone.o
    0x08002f8c   0x00000138   Code   RO           45    i.WaveRecorderInit  microphone.o
    0x080030c4   0x0000000e   Code   RO          500    i.__scatterload_copy  mc_w.l(handlers.o)
    0x080030d2   0x00000002   Code   RO          501    i.__scatterload_null  mc_w.l(handlers.o)
    0x080030d4   0x0000000e   Code   RO          502    i.__scatterload_zeroinit  mc_w.l(handlers.o)
    0x080030e2   0x00000002   PAD
    0x080030e4   0x00000070   Code   RO            7    i.main              main.o
    0x08003154   0x00000084   Code   RO           77    i.timer2_init       timer.o
    0x080031d8   0x00000024   Data   RO           87    .constdata          stm32f4_discovery.o
    0x080031fc   0x00000020   Data   RO          498    Region$$Table       anon$$obj.o


    Execution Region RW_IRAM1 (Base: 0x20000000, Size: 0x000025e8, Max: 0x00020000, ABSOLUTE, COMPRESSED[0x0000024c])

    Base Addr    Size         Type   Attr      Idx    E Section Name        Object

    0x20000000   0x00000004   Data   RW            9    .data               main.o
    0x20000004   0x0000000c   Data   RW           24    .data               stm32f4xx_it.o
    0x20000010   0x0000000c   Data   RW           39    .data               headphone.o
    0x2000001c   0x00000018   Data   RW           48    .data               microphone.o
    0x20000034   0x00000016   Data   RW           73    .data               usart.o
    0x2000004a   0x00000002   PAD
    0x2000004c   0x00000004   Data   RW           79    .data               timer.o
    0x20000050   0x00000014   Data   RW           88    .data               stm32f4_discovery.o
    0x20000064   0x00000040   Data   RW          112    .data               stm32f4_discovery_audio_codec.o
    0x200000a4   0x00000010   Data   RW          258    .data               stm32f4xx_rcc.o
    0x200000b4   0x00000304   Data   RW          458    .data               libPDMFilter_Keil.lib(pdm_filter.o)
    0x200003b8   0x00000010   Zero   RW            8    .bss                main.o
    0x200003c8   0x00001c00   Zero   RW           38    .bss                headphone.o
    0x20001fc8   0x000000d4   Zero   RW           47    .bss                microphone.o
    0x2000209c   0x0000010a   Zero   RW           55    .bss                dsp.o
    0x200021a6   0x00000002   PAD
    0x200021a8   0x0000003c   Zero   RW          107    .bss                stm32f4_discovery_audio_codec.o
    0x200021e4   0x00000004   PAD
    0x200021e8   0x00000400   Zero   RW          453    STACK               startup_stm32f4xx.o


==============================================================================

Image component sizes


      Code (inc. data)   RO Data    RW Data    ZI Data      Debug   Object Name

         0          0          0          0        266          0   dsp.o
       428         42          0         12       7168          0   headphone.o
       112         10          0          4         16          0   main.o
       472         62          0         24        212          0   microphone.o
       132         12          0          0          0          0   misc.o
        36          8        392          0       1024          0   startup_stm32f4xx.o
       316         60         36         20          0          0   stm32f4_discovery.o
      2176        160          0         64         60          0   stm32f4_discovery_audio_codec.o
       102          8          0          0          0          0   stm32f4xx_dac.o
       702        126          0          0          0          0   stm32f4xx_dma.o
       188         24          0          0          0          0   stm32f4xx_exti.o
       188          0          0          0          0          0   stm32f4xx_gpio.o
       468          8          0          0          0          0   stm32f4xx_i2c.o
       346         20          0         12          0          0   stm32f4xx_it.o
       288         48          0         16          0          0   stm32f4xx_rcc.o
       472         20          0          0          0          0   stm32f4xx_spi.o
        46          0          0          0          0          0   stm32f4xx_syscfg.o
       190         10          0          0          0          0   stm32f4xx_tim.o
       356          4          0          0          0          0   stm32f4xx_usart.o
       300         46          0          0          0          0   system_stm32f4xx.o
       172         12          0          4          0          0   timer.o
       372         26          0         22          0          0   usart.o

    ----------------------------------------------------------------------
      7880        706        460        180       8752          0   Object Totals
         0          0         32          0          0          0   (incl. Generated)
        18          0          0          2          6          0   (incl. Padding)

    ----------------------------------------------------------------------

      Code (inc. data)   RO Data    RW Data    ZI Data      Debug   Library Member Name

      3068         54          0        772          0          0   pdm_filter.o
        86          0          0          0          0          0   __dczerorl2.o
         0          0          0          0          0          0   entry.o
         0          0          0          0          0          0   entry10a.o
         0          0          0          0          0          0   entry11a.o
         8          4          0          0          0          0   entry2.o
         4          0          0          0          0          0   entry5.o
         0          0          0          0          0          0   entry7b.o
         0          0          0          0          0          0   entry8b.o
         8          4          0          0          0          0   entry9a.o
        30          0          0          0          0          0   handlers.o
        36          8          0          0          0          0   init.o
         0          0          0          0          0          0   iusefp.o
        30          0          0          0          0          0   llshl.o
        36          0          0          0          0          0   llsshr.o
        32          0          0          0          0          0   llushr.o
        36          0          0          0          0          0   memseta.o
       334          0          0          0          0          0   dadd.o
       222          0          0          0          0          0   ddiv.o
       186          0          0          0          0          0   depilogue.o
        50          0          0          0          0          0   dfixui.o
        26          0          0          0          0          0   dfltui.o
       228          0          0          0          0          0   dmul.o
        38          0          0          0          0          0   f2d.o
        24          0          0          0          0          0   fscalb.o

    ----------------------------------------------------------------------
      4488         70          0        772          0          0   Library Totals
         6          0          0          0          0          0   (incl. Padding)

    ----------------------------------------------------------------------

      Code (inc. data)   RO Data    RW Data    ZI Data      Debug   Library Name

      3068         54          0        772          0          0   libPDMFilter_Keil.lib
       306         16          0          0          0          0   mc_w.l
      1108          0          0          0          0          0   mf_w.l

    ----------------------------------------------------------------------
      4488         70          0        772          0          0   Library Totals

    ----------------------------------------------------------------------

==============================================================================


      Code (inc. data)   RO Data    RW Data    ZI Data      Debug   

     12368        776        460        952       8752          0   Grand Totals
     12368        776        460        588       8752          0   ELF Image Totals (compressed)
     12368        776        460        588          0          0   ROM Totals

==============================================================================

    Total RO  Size (Code + RO Data)                12828 (  12.53kB)
    Total RW  Size (RW Data + ZI Data)              9704 (   9.48kB)
    Total ROM Size (Code + RO Data + RW Data)      13416 (  13.10kB)

==============================================================================

